Archive member included because of file (symbol)

c:/program files (x86)/gnu tools arm embedded/4.9 2015q1/bin/../lib/gcc/arm-none-eabi/4.9.3/armv6-m\libgcc.a(_udivsi3.o)
                              ..\obj\stm32l0xx_hal_i2s.o (__aeabi_uidiv)
c:/program files (x86)/gnu tools arm embedded/4.9 2015q1/bin/../lib/gcc/arm-none-eabi/4.9.3/armv6-m\libgcc.a(_dvmd_tls.o)
                              c:/program files (x86)/gnu tools arm embedded/4.9 2015q1/bin/../lib/gcc/arm-none-eabi/4.9.3/armv6-m\libgcc.a(_udivsi3.o) (__aeabi_idiv0)
c:/program files (x86)/gnu tools arm embedded/4.9 2015q1/bin/../lib/gcc/arm-none-eabi/4.9.3/../../../../arm-none-eabi/lib/armv6-m\libg.a(lib_a-exit.o)
                              c:/program files (x86)/gnu tools arm embedded/4.9 2015q1/bin/../lib/gcc/arm-none-eabi/4.9.3/../../../../arm-none-eabi/lib/armv6-m/crt0.o (exit)
c:/program files (x86)/gnu tools arm embedded/4.9 2015q1/bin/../lib/gcc/arm-none-eabi/4.9.3/../../../../arm-none-eabi/lib/armv6-m\libg.a(lib_a-impure.o)
                              c:/program files (x86)/gnu tools arm embedded/4.9 2015q1/bin/../lib/gcc/arm-none-eabi/4.9.3/../../../../arm-none-eabi/lib/armv6-m\libg.a(lib_a-exit.o) (_global_impure_ptr)
c:/program files (x86)/gnu tools arm embedded/4.9 2015q1/bin/../lib/gcc/arm-none-eabi/4.9.3/../../../../arm-none-eabi/lib/armv6-m\libg.a(lib_a-init.o)
                              c:/program files (x86)/gnu tools arm embedded/4.9 2015q1/bin/../lib/gcc/arm-none-eabi/4.9.3/../../../../arm-none-eabi/lib/armv6-m/crt0.o (__libc_init_array)
c:/program files (x86)/gnu tools arm embedded/4.9 2015q1/bin/../lib/gcc/arm-none-eabi/4.9.3/../../../../arm-none-eabi/lib/armv6-m\libg.a(lib_a-memset.o)
                              c:/program files (x86)/gnu tools arm embedded/4.9 2015q1/bin/../lib/gcc/arm-none-eabi/4.9.3/../../../../arm-none-eabi/lib/armv6-m/crt0.o (memset)
c:/program files (x86)/gnu tools arm embedded/4.9 2015q1/bin/../lib/gcc/arm-none-eabi/4.9.3/../../../../arm-none-eabi/lib/armv6-m\libg.a(lib_a-__call_atexit.o)
                              c:/program files (x86)/gnu tools arm embedded/4.9 2015q1/bin/../lib/gcc/arm-none-eabi/4.9.3/../../../../arm-none-eabi/lib/armv6-m\libg.a(lib_a-exit.o) (__call_exitprocs)
c:/program files (x86)/gnu tools arm embedded/4.9 2015q1/bin/../lib/gcc/arm-none-eabi/4.9.3/../../../../arm-none-eabi/lib/armv6-m\libg.a(lib_a-atexit.o)
                              c:/program files (x86)/gnu tools arm embedded/4.9 2015q1/bin/../lib/gcc/arm-none-eabi/4.9.3/../../../../arm-none-eabi/lib/armv6-m\libg.a(lib_a-__call_atexit.o) (atexit)
c:/program files (x86)/gnu tools arm embedded/4.9 2015q1/bin/../lib/gcc/arm-none-eabi/4.9.3/../../../../arm-none-eabi/lib/armv6-m\libg.a(lib_a-fini.o)
                              c:/program files (x86)/gnu tools arm embedded/4.9 2015q1/bin/../lib/gcc/arm-none-eabi/4.9.3/../../../../arm-none-eabi/lib/armv6-m\libg.a(lib_a-__call_atexit.o) (__libc_fini_array)
c:/program files (x86)/gnu tools arm embedded/4.9 2015q1/bin/../lib/gcc/arm-none-eabi/4.9.3/../../../../arm-none-eabi/lib/armv6-m\libg.a(lib_a-__atexit.o)
                              c:/program files (x86)/gnu tools arm embedded/4.9 2015q1/bin/../lib/gcc/arm-none-eabi/4.9.3/../../../../arm-none-eabi/lib/armv6-m\libg.a(lib_a-atexit.o) (__register_exitproc)

Allocating common symbols
Common symbol       size              file

spiData             0x6               ..\obj\imu.o
pFlash              0x14              ..\obj\stm32l0xx_hal_flash.o
htim6               0x38              ..\obj\main.o
IMUExists           0x1               ..\obj\imu.o
hspi1               0x54              ..\obj\imu.o
htim2               0x38              ..\obj\main.o
hadc                0x5c              ..\obj\main.o
status              0x1               ..\obj\imu.o

Discarded input sections

 .text          0x00000000        0x0 c:/program files (x86)/gnu tools arm embedded/4.9 2015q1/bin/../lib/gcc/arm-none-eabi/4.9.3/armv6-m/crti.o
 .data          0x00000000        0x0 c:/program files (x86)/gnu tools arm embedded/4.9 2015q1/bin/../lib/gcc/arm-none-eabi/4.9.3/armv6-m/crti.o
 .bss           0x00000000        0x0 c:/program files (x86)/gnu tools arm embedded/4.9 2015q1/bin/../lib/gcc/arm-none-eabi/4.9.3/armv6-m/crti.o
 .data          0x00000000        0x4 c:/program files (x86)/gnu tools arm embedded/4.9 2015q1/bin/../lib/gcc/arm-none-eabi/4.9.3/armv6-m/crtbegin.o
 .text          0x00000000       0x78 c:/program files (x86)/gnu tools arm embedded/4.9 2015q1/bin/../lib/gcc/arm-none-eabi/4.9.3/../../../../arm-none-eabi/lib/armv6-m/crt0.o
 .data          0x00000000        0x0 c:/program files (x86)/gnu tools arm embedded/4.9 2015q1/bin/../lib/gcc/arm-none-eabi/4.9.3/../../../../arm-none-eabi/lib/armv6-m/crt0.o
 .bss           0x00000000        0x0 c:/program files (x86)/gnu tools arm embedded/4.9 2015q1/bin/../lib/gcc/arm-none-eabi/4.9.3/../../../../arm-none-eabi/lib/armv6-m/crt0.o
 .ARM.extab     0x00000000        0x0 c:/program files (x86)/gnu tools arm embedded/4.9 2015q1/bin/../lib/gcc/arm-none-eabi/4.9.3/../../../../arm-none-eabi/lib/armv6-m/crt0.o
 .ARM.exidx     0x00000000        0x8 c:/program files (x86)/gnu tools arm embedded/4.9 2015q1/bin/../lib/gcc/arm-none-eabi/4.9.3/../../../../arm-none-eabi/lib/armv6-m/crt0.o
 .ARM.attributes
                0x00000000       0x1b c:/program files (x86)/gnu tools arm embedded/4.9 2015q1/bin/../lib/gcc/arm-none-eabi/4.9.3/../../../../arm-none-eabi/lib/armv6-m/crt0.o
 .text          0x00000000        0x0 ..\obj\stm32l0xx_hal_tsc.o
 .data          0x00000000        0x0 ..\obj\stm32l0xx_hal_tsc.o
 .bss           0x00000000        0x0 ..\obj\stm32l0xx_hal_tsc.o
 .debug_info    0x00000000       0x67 ..\obj\stm32l0xx_hal_tsc.o
 .debug_abbrev  0x00000000       0x24 ..\obj\stm32l0xx_hal_tsc.o
 .debug_aranges
                0x00000000       0x18 ..\obj\stm32l0xx_hal_tsc.o
 .debug_line    0x00000000       0x1d ..\obj\stm32l0xx_hal_tsc.o
 .debug_str     0x00000000      0x16c ..\obj\stm32l0xx_hal_tsc.o
 .comment       0x00000000       0x71 ..\obj\stm32l0xx_hal_tsc.o
 .ARM.attributes
                0x00000000       0x32 ..\obj\stm32l0xx_hal_tsc.o
 .text          0x00000000      0x82c ..\obj\stm32l0xx_hal_i2s.o
 .data          0x00000000        0x0 ..\obj\stm32l0xx_hal_i2s.o
 .bss           0x00000000        0x0 ..\obj\stm32l0xx_hal_i2s.o
 .debug_info    0x00000000      0xdde ..\obj\stm32l0xx_hal_i2s.o
 .debug_abbrev  0x00000000      0x24c ..\obj\stm32l0xx_hal_i2s.o
 .debug_loc     0x00000000      0xe74 ..\obj\stm32l0xx_hal_i2s.o
 .debug_aranges
                0x00000000       0x20 ..\obj\stm32l0xx_hal_i2s.o
 .debug_line    0x00000000      0x553 ..\obj\stm32l0xx_hal_i2s.o
 .debug_str     0x00000000      0x849 ..\obj\stm32l0xx_hal_i2s.o
 .comment       0x00000000       0x71 ..\obj\stm32l0xx_hal_i2s.o
 .debug_frame   0x00000000      0x264 ..\obj\stm32l0xx_hal_i2s.o
 .ARM.attributes
                0x00000000       0x32 ..\obj\stm32l0xx_hal_i2s.o
 .text          0x00000000      0x1a0 ..\obj\stm32l0xx_hal_pwr.o
 .data          0x00000000        0x0 ..\obj\stm32l0xx_hal_pwr.o
 .bss           0x00000000        0x0 ..\obj\stm32l0xx_hal_pwr.o
 .debug_info    0x00000000      0x590 ..\obj\stm32l0xx_hal_pwr.o
 .debug_abbrev  0x00000000      0x198 ..\obj\stm32l0xx_hal_pwr.o
 .debug_loc     0x00000000      0x130 ..\obj\stm32l0xx_hal_pwr.o
 .debug_aranges
                0x00000000       0x20 ..\obj\stm32l0xx_hal_pwr.o
 .debug_line    0x00000000      0x29a ..\obj\stm32l0xx_hal_pwr.o
 .debug_str     0x00000000      0x40e ..\obj\stm32l0xx_hal_pwr.o
 .comment       0x00000000       0x71 ..\obj\stm32l0xx_hal_pwr.o
 .debug_frame   0x00000000       0xf8 ..\obj\stm32l0xx_hal_pwr.o
 .ARM.attributes
                0x00000000       0x32 ..\obj\stm32l0xx_hal_pwr.o
 .data          0x00000000        0x0 ..\obj\stm32l0xx_hal_gpio.o
 .bss           0x00000000        0x0 ..\obj\stm32l0xx_hal_gpio.o
 .text          0x00000000      0x11c ..\obj\stm32l0xx_hal_wwdg.o
 .data          0x00000000        0x0 ..\obj\stm32l0xx_hal_wwdg.o
 .bss           0x00000000        0x0 ..\obj\stm32l0xx_hal_wwdg.o
 .debug_info    0x00000000      0x3c2 ..\obj\stm32l0xx_hal_wwdg.o
 .debug_abbrev  0x00000000      0x191 ..\obj\stm32l0xx_hal_wwdg.o
 .debug_loc     0x00000000      0x176 ..\obj\stm32l0xx_hal_wwdg.o
 .debug_aranges
                0x00000000       0x20 ..\obj\stm32l0xx_hal_wwdg.o
 .debug_line    0x00000000      0x254 ..\obj\stm32l0xx_hal_wwdg.o
 .debug_str     0x00000000      0x382 ..\obj\stm32l0xx_hal_wwdg.o
 .comment       0x00000000       0x71 ..\obj\stm32l0xx_hal_wwdg.o
 .debug_frame   0x00000000       0xdc ..\obj\stm32l0xx_hal_wwdg.o
 .ARM.attributes
                0x00000000       0x32 ..\obj\stm32l0xx_hal_wwdg.o
 .data          0x00000000        0x0 ..\obj\stm32l0xx_hal_tim.o
 .bss           0x00000000        0x0 ..\obj\stm32l0xx_hal_tim.o
 .text          0x00000000      0xd6c ..\obj\stm32l0xx_hal_smbus.o
 .data          0x00000000        0x0 ..\obj\stm32l0xx_hal_smbus.o
 .bss           0x00000000        0x0 ..\obj\stm32l0xx_hal_smbus.o
 .debug_info    0x00000000     0x1264 ..\obj\stm32l0xx_hal_smbus.o
 .debug_abbrev  0x00000000      0x25b ..\obj\stm32l0xx_hal_smbus.o
 .debug_loc     0x00000000      0xdad ..\obj\stm32l0xx_hal_smbus.o
 .debug_aranges
                0x00000000       0x20 ..\obj\stm32l0xx_hal_smbus.o
 .debug_ranges  0x00000000       0x48 ..\obj\stm32l0xx_hal_smbus.o
 .debug_line    0x00000000      0x601 ..\obj\stm32l0xx_hal_smbus.o
 .debug_str     0x00000000      0x932 ..\obj\stm32l0xx_hal_smbus.o
 .comment       0x00000000       0x71 ..\obj\stm32l0xx_hal_smbus.o
 .debug_frame   0x00000000      0x2a4 ..\obj\stm32l0xx_hal_smbus.o
 .ARM.attributes
                0x00000000       0x32 ..\obj\stm32l0xx_hal_smbus.o
 .text          0x00000000      0x548 ..\obj\stm32l0xx_hal_flash_ex.o
 .data          0x00000000        0x0 ..\obj\stm32l0xx_hal_flash_ex.o
 .bss           0x00000000        0x0 ..\obj\stm32l0xx_hal_flash_ex.o
 .debug_info    0x00000000     0x1204 ..\obj\stm32l0xx_hal_flash_ex.o
 .debug_abbrev  0x00000000      0x2fb ..\obj\stm32l0xx_hal_flash_ex.o
 .debug_loc     0x00000000      0xd58 ..\obj\stm32l0xx_hal_flash_ex.o
 .debug_aranges
                0x00000000       0x20 ..\obj\stm32l0xx_hal_flash_ex.o
 .debug_ranges  0x00000000       0x60 ..\obj\stm32l0xx_hal_flash_ex.o
 .debug_line    0x00000000      0x3c2 ..\obj\stm32l0xx_hal_flash_ex.o
 .debug_str     0x00000000      0x83a ..\obj\stm32l0xx_hal_flash_ex.o
 .comment       0x00000000       0x71 ..\obj\stm32l0xx_hal_flash_ex.o
 .debug_frame   0x00000000      0x140 ..\obj\stm32l0xx_hal_flash_ex.o
 .ARM.attributes
                0x00000000       0x32 ..\obj\stm32l0xx_hal_flash_ex.o
 .text          0x00000000       0x7c ..\obj\stm32l0xx_hal_smartcard_ex.o
 .data          0x00000000        0x0 ..\obj\stm32l0xx_hal_smartcard_ex.o
 .bss           0x00000000        0x0 ..\obj\stm32l0xx_hal_smartcard_ex.o
 .debug_info    0x00000000      0x699 ..\obj\stm32l0xx_hal_smartcard_ex.o
 .debug_abbrev  0x00000000      0x161 ..\obj\stm32l0xx_hal_smartcard_ex.o
 .debug_loc     0x00000000       0x84 ..\obj\stm32l0xx_hal_smartcard_ex.o
 .debug_aranges
                0x00000000       0x20 ..\obj\stm32l0xx_hal_smartcard_ex.o
 .debug_line    0x00000000      0x210 ..\obj\stm32l0xx_hal_smartcard_ex.o
 .debug_str     0x00000000      0x7d2 ..\obj\stm32l0xx_hal_smartcard_ex.o
 .comment       0x00000000       0x71 ..\obj\stm32l0xx_hal_smartcard_ex.o
 .debug_frame   0x00000000       0x68 ..\obj\stm32l0xx_hal_smartcard_ex.o
 .ARM.attributes
                0x00000000       0x32 ..\obj\stm32l0xx_hal_smartcard_ex.o
 .text          0x00000000        0x0 ..\obj\stm32l0xx_hal_rng.o
 .data          0x00000000        0x0 ..\obj\stm32l0xx_hal_rng.o
 .bss           0x00000000        0x0 ..\obj\stm32l0xx_hal_rng.o
 .debug_info    0x00000000       0x67 ..\obj\stm32l0xx_hal_rng.o
 .debug_abbrev  0x00000000       0x24 ..\obj\stm32l0xx_hal_rng.o
 .debug_aranges
                0x00000000       0x18 ..\obj\stm32l0xx_hal_rng.o
 .debug_line    0x00000000       0x1d ..\obj\stm32l0xx_hal_rng.o
 .debug_str     0x00000000      0x16c ..\obj\stm32l0xx_hal_rng.o
 .comment       0x00000000       0x71 ..\obj\stm32l0xx_hal_rng.o
 .ARM.attributes
                0x00000000       0x32 ..\obj\stm32l0xx_hal_rng.o
 .data          0x00000000        0x0 ..\obj\imu.o
 .text          0x00000000      0x21c ..\obj\stm32l0xx_hal_crc.o
 .data          0x00000000        0x0 ..\obj\stm32l0xx_hal_crc.o
 .bss           0x00000000        0x0 ..\obj\stm32l0xx_hal_crc.o
 .debug_info    0x00000000      0x549 ..\obj\stm32l0xx_hal_crc.o
 .debug_abbrev  0x00000000      0x18a ..\obj\stm32l0xx_hal_crc.o
 .debug_loc     0x00000000      0x3e5 ..\obj\stm32l0xx_hal_crc.o
 .debug_aranges
                0x00000000       0x20 ..\obj\stm32l0xx_hal_crc.o
 .debug_line    0x00000000      0x29e ..\obj\stm32l0xx_hal_crc.o
 .debug_str     0x00000000      0x434 ..\obj\stm32l0xx_hal_crc.o
 .comment       0x00000000       0x71 ..\obj\stm32l0xx_hal_crc.o
 .debug_frame   0x00000000       0xe8 ..\obj\stm32l0xx_hal_crc.o
 .ARM.attributes
                0x00000000       0x32 ..\obj\stm32l0xx_hal_crc.o
 .text          0x00000000      0xabc ..\obj\stm32l0xx_hal_rtc.o
 .data          0x00000000        0x0 ..\obj\stm32l0xx_hal_rtc.o
 .bss           0x00000000        0x0 ..\obj\stm32l0xx_hal_rtc.o
 .debug_info    0x00000000      0xcf4 ..\obj\stm32l0xx_hal_rtc.o
 .debug_abbrev  0x00000000      0x193 ..\obj\stm32l0xx_hal_rtc.o
 .debug_loc     0x00000000      0xa13 ..\obj\stm32l0xx_hal_rtc.o
 .debug_aranges
                0x00000000       0x20 ..\obj\stm32l0xx_hal_rtc.o
 .debug_line    0x00000000      0x457 ..\obj\stm32l0xx_hal_rtc.o
 .debug_str     0x00000000      0x67d ..\obj\stm32l0xx_hal_rtc.o
 .comment       0x00000000       0x71 ..\obj\stm32l0xx_hal_rtc.o
 .debug_frame   0x00000000      0x22c ..\obj\stm32l0xx_hal_rtc.o
 .ARM.attributes
                0x00000000       0x32 ..\obj\stm32l0xx_hal_rtc.o
 .data          0x00000000        0x0 ..\obj\stm32l0xx_hal_msp.o
 .bss           0x00000000        0x0 ..\obj\stm32l0xx_hal_msp.o
 .data          0x00000000        0x0 ..\obj\stm32l0xx_hal.o
 .text          0x00000000      0x1d4 ..\obj\stm32l0xx_hal_i2c_ex.o
 .data          0x00000000        0x0 ..\obj\stm32l0xx_hal_i2c_ex.o
 .bss           0x00000000        0x0 ..\obj\stm32l0xx_hal_i2c_ex.o
 .debug_info    0x00000000      0x5d1 ..\obj\stm32l0xx_hal_i2c_ex.o
 .debug_abbrev  0x00000000      0x138 ..\obj\stm32l0xx_hal_i2c_ex.o
 .debug_loc     0x00000000      0x11e ..\obj\stm32l0xx_hal_i2c_ex.o
 .debug_aranges
                0x00000000       0x20 ..\obj\stm32l0xx_hal_i2c_ex.o
 .debug_line    0x00000000      0x35e ..\obj\stm32l0xx_hal_i2c_ex.o
 .debug_str     0x00000000      0x6fc ..\obj\stm32l0xx_hal_i2c_ex.o
 .comment       0x00000000       0x71 ..\obj\stm32l0xx_hal_i2c_ex.o
 .debug_frame   0x00000000       0x88 ..\obj\stm32l0xx_hal_i2c_ex.o
 .ARM.attributes
                0x00000000       0x32 ..\obj\stm32l0xx_hal_i2c_ex.o
 .data          0x00000000        0x0 ..\obj\main.o
 .bss           0x00000000        0x0 ..\obj\main.o
 .data          0x00000000        0x0 ..\obj\stm32l0xx_it.o
 .bss           0x00000000        0x0 ..\obj\stm32l0xx_it.o
 .bss           0x00000000        0x0 ..\obj\system_stm32l0xx.o
 .text          0x00000000      0xb00 ..\obj\stm32l0xx_hal_irda.o
 .data          0x00000000        0x0 ..\obj\stm32l0xx_hal_irda.o
 .bss           0x00000000        0x0 ..\obj\stm32l0xx_hal_irda.o
 .debug_info    0x00000000     0x102c ..\obj\stm32l0xx_hal_irda.o
 .debug_abbrev  0x00000000      0x2b0 ..\obj\stm32l0xx_hal_irda.o
 .debug_loc     0x00000000      0x90b ..\obj\stm32l0xx_hal_irda.o
 .debug_aranges
                0x00000000       0x20 ..\obj\stm32l0xx_hal_irda.o
 .debug_line    0x00000000      0x5f7 ..\obj\stm32l0xx_hal_irda.o
 .debug_str     0x00000000      0x9fe ..\obj\stm32l0xx_hal_irda.o
 .comment       0x00000000       0x71 ..\obj\stm32l0xx_hal_irda.o
 .debug_frame   0x00000000      0x268 ..\obj\stm32l0xx_hal_irda.o
 .ARM.attributes
                0x00000000       0x32 ..\obj\stm32l0xx_hal_irda.o
 .text          0x00000000      0x3b8 ..\obj\stm32l0xx_hal_flash.o
 .data          0x00000000        0x0 ..\obj\stm32l0xx_hal_flash.o
 .bss           0x00000000        0x0 ..\obj\stm32l0xx_hal_flash.o
 .debug_info    0x00000000      0x573 ..\obj\stm32l0xx_hal_flash.o
 .debug_abbrev  0x00000000      0x20b ..\obj\stm32l0xx_hal_flash.o
 .debug_loc     0x00000000      0x1e1 ..\obj\stm32l0xx_hal_flash.o
 .debug_aranges
                0x00000000       0x20 ..\obj\stm32l0xx_hal_flash.o
 .debug_line    0x00000000      0x301 ..\obj\stm32l0xx_hal_flash.o
 .debug_str     0x00000000      0x4e0 ..\obj\stm32l0xx_hal_flash.o
 .comment       0x00000000       0x71 ..\obj\stm32l0xx_hal_flash.o
 .debug_frame   0x00000000      0x128 ..\obj\stm32l0xx_hal_flash.o
 .ARM.attributes
                0x00000000       0x32 ..\obj\stm32l0xx_hal_flash.o
 COMMON         0x00000000       0x14 ..\obj\stm32l0xx_hal_flash.o
 .text          0x00000000       0x14 ..\obj\startup_stm32l051xx.o
 .data          0x00000000        0x0 ..\obj\startup_stm32l051xx.o
 .bss           0x00000000        0x0 ..\obj\startup_stm32l051xx.o
 .text          0x00000000     0x24a0 ..\obj\stm32l0xx_hal_i2c.o
 .data          0x00000000        0x0 ..\obj\stm32l0xx_hal_i2c.o
 .bss           0x00000000        0x0 ..\obj\stm32l0xx_hal_i2c.o
 .debug_info    0x00000000     0x2949 ..\obj\stm32l0xx_hal_i2c.o
 .debug_abbrev  0x00000000      0x24e ..\obj\stm32l0xx_hal_i2c.o
 .debug_loc     0x00000000     0x1f38 ..\obj\stm32l0xx_hal_i2c.o
 .debug_aranges
                0x00000000       0x20 ..\obj\stm32l0xx_hal_i2c.o
 .debug_line    0x00000000      0xc9f ..\obj\stm32l0xx_hal_i2c.o
 .debug_str     0x00000000      0xbdc ..\obj\stm32l0xx_hal_i2c.o
 .comment       0x00000000       0x71 ..\obj\stm32l0xx_hal_i2c.o
 .debug_frame   0x00000000      0x51c ..\obj\stm32l0xx_hal_i2c.o
 .ARM.attributes
                0x00000000       0x32 ..\obj\stm32l0xx_hal_i2c.o
 .text          0x00000000        0x0 ..\obj\stm32l0xx_hal_pcd.o
 .data          0x00000000        0x0 ..\obj\stm32l0xx_hal_pcd.o
 .bss           0x00000000        0x0 ..\obj\stm32l0xx_hal_pcd.o
 .debug_info    0x00000000       0x67 ..\obj\stm32l0xx_hal_pcd.o
 .debug_abbrev  0x00000000       0x24 ..\obj\stm32l0xx_hal_pcd.o
 .debug_aranges
                0x00000000       0x18 ..\obj\stm32l0xx_hal_pcd.o
 .debug_line    0x00000000       0x1d ..\obj\stm32l0xx_hal_pcd.o
 .debug_str     0x00000000      0x16c ..\obj\stm32l0xx_hal_pcd.o
 .comment       0x00000000       0x71 ..\obj\stm32l0xx_hal_pcd.o
 .ARM.attributes
                0x00000000       0x32 ..\obj\stm32l0xx_hal_pcd.o
 .data          0x00000000        0x0 ..\obj\stm32l0xx_hal_dma.o
 .bss           0x00000000        0x0 ..\obj\stm32l0xx_hal_dma.o
 .text          0x00000000        0x0 ..\obj\stm32l0xx_hal_cryp_ex.o
 .data          0x00000000        0x0 ..\obj\stm32l0xx_hal_cryp_ex.o
 .bss           0x00000000        0x0 ..\obj\stm32l0xx_hal_cryp_ex.o
 .debug_info    0x00000000       0x67 ..\obj\stm32l0xx_hal_cryp_ex.o
 .debug_abbrev  0x00000000       0x24 ..\obj\stm32l0xx_hal_cryp_ex.o
 .debug_aranges
                0x00000000       0x18 ..\obj\stm32l0xx_hal_cryp_ex.o
 .debug_line    0x00000000       0x1d ..\obj\stm32l0xx_hal_cryp_ex.o
 .debug_str     0x00000000      0x170 ..\obj\stm32l0xx_hal_cryp_ex.o
 .comment       0x00000000       0x71 ..\obj\stm32l0xx_hal_cryp_ex.o
 .ARM.attributes
                0x00000000       0x32 ..\obj\stm32l0xx_hal_cryp_ex.o
 .data          0x00000000        0x0 ..\obj\leds.o
 .bss           0x00000000        0x0 ..\obj\leds.o
 .text          0x00000000      0x190 ..\obj\stm32l0xx_hal_iwdg.o
 .data          0x00000000        0x0 ..\obj\stm32l0xx_hal_iwdg.o
 .bss           0x00000000        0x0 ..\obj\stm32l0xx_hal_iwdg.o
 .debug_info    0x00000000      0x34f ..\obj\stm32l0xx_hal_iwdg.o
 .debug_abbrev  0x00000000      0x18c ..\obj\stm32l0xx_hal_iwdg.o
 .debug_loc     0x00000000      0x13a ..\obj\stm32l0xx_hal_iwdg.o
 .debug_aranges
                0x00000000       0x20 ..\obj\stm32l0xx_hal_iwdg.o
 .debug_line    0x00000000      0x25a ..\obj\stm32l0xx_hal_iwdg.o
 .debug_str     0x00000000      0x33b ..\obj\stm32l0xx_hal_iwdg.o
 .comment       0x00000000       0x71 ..\obj\stm32l0xx_hal_iwdg.o
 .debug_frame   0x00000000       0x90 ..\obj\stm32l0xx_hal_iwdg.o
 .ARM.attributes
                0x00000000       0x32 ..\obj\stm32l0xx_hal_iwdg.o
 .text          0x00000000      0x99c ..\obj\stm32l0xx_hal_smartcard.o
 .data          0x00000000        0x0 ..\obj\stm32l0xx_hal_smartcard.o
 .bss           0x00000000        0x0 ..\obj\stm32l0xx_hal_smartcard.o
 .debug_info    0x00000000      0xf54 ..\obj\stm32l0xx_hal_smartcard.o
 .debug_abbrev  0x00000000      0x2ca ..\obj\stm32l0xx_hal_smartcard.o
 .debug_loc     0x00000000      0x8b1 ..\obj\stm32l0xx_hal_smartcard.o
 .debug_aranges
                0x00000000       0x20 ..\obj\stm32l0xx_hal_smartcard.o
 .debug_line    0x00000000      0x546 ..\obj\stm32l0xx_hal_smartcard.o
 .debug_str     0x00000000      0xb74 ..\obj\stm32l0xx_hal_smartcard.o
 .comment       0x00000000       0x71 ..\obj\stm32l0xx_hal_smartcard.o
 .debug_frame   0x00000000      0x1e0 ..\obj\stm32l0xx_hal_smartcard.o
 .ARM.attributes
                0x00000000       0x32 ..\obj\stm32l0xx_hal_smartcard.o
 .text          0x00000000        0x0 ..\obj\stm32l0xx_hal_flash_ramfunc.o
 .data          0x00000000        0x0 ..\obj\stm32l0xx_hal_flash_ramfunc.o
 .bss           0x00000000        0x0 ..\obj\stm32l0xx_hal_flash_ramfunc.o
 .RamFunc       0x00000000       0xb4 ..\obj\stm32l0xx_hal_flash_ramfunc.o
 .debug_info    0x00000000      0x22e ..\obj\stm32l0xx_hal_flash_ramfunc.o
 .debug_abbrev  0x00000000      0x156 ..\obj\stm32l0xx_hal_flash_ramfunc.o
 .debug_loc     0x00000000       0xde ..\obj\stm32l0xx_hal_flash_ramfunc.o
 .debug_aranges
                0x00000000       0x30 ..\obj\stm32l0xx_hal_flash_ramfunc.o
 .debug_ranges  0x00000000       0x20 ..\obj\stm32l0xx_hal_flash_ramfunc.o
 .debug_line    0x00000000      0x1bf ..\obj\stm32l0xx_hal_flash_ramfunc.o
 .debug_str     0x00000000      0x286 ..\obj\stm32l0xx_hal_flash_ramfunc.o
 .comment       0x00000000       0x71 ..\obj\stm32l0xx_hal_flash_ramfunc.o
 .debug_frame   0x00000000       0x48 ..\obj\stm32l0xx_hal_flash_ramfunc.o
 .ARM.attributes
                0x00000000       0x32 ..\obj\stm32l0xx_hal_flash_ramfunc.o
 .text          0x00000000      0x214 ..\obj\stm32l0xx_hal_comp.o
 .data          0x00000000        0x0 ..\obj\stm32l0xx_hal_comp.o
 .bss           0x00000000        0x0 ..\obj\stm32l0xx_hal_comp.o
 .debug_info    0x00000000      0x65c ..\obj\stm32l0xx_hal_comp.o
 .debug_abbrev  0x00000000      0x1a0 ..\obj\stm32l0xx_hal_comp.o
 .debug_loc     0x00000000      0x2a5 ..\obj\stm32l0xx_hal_comp.o
 .debug_aranges
                0x00000000       0x20 ..\obj\stm32l0xx_hal_comp.o
 .debug_line    0x00000000      0x2b7 ..\obj\stm32l0xx_hal_comp.o
 .debug_str     0x00000000      0x4c5 ..\obj\stm32l0xx_hal_comp.o
 .comment       0x00000000       0x71 ..\obj\stm32l0xx_hal_comp.o
 .debug_frame   0x00000000      0x110 ..\obj\stm32l0xx_hal_comp.o
 .ARM.attributes
                0x00000000       0x32 ..\obj\stm32l0xx_hal_comp.o
 .text          0x00000000      0xb3c ..\obj\stm32l0xx_hal_rtc_ex.o
 .data          0x00000000        0x0 ..\obj\stm32l0xx_hal_rtc_ex.o
 .bss           0x00000000        0x0 ..\obj\stm32l0xx_hal_rtc_ex.o
 .debug_info    0x00000000      0xedf ..\obj\stm32l0xx_hal_rtc_ex.o
 .debug_abbrev  0x00000000      0x1e4 ..\obj\stm32l0xx_hal_rtc_ex.o
 .debug_loc     0x00000000      0xb71 ..\obj\stm32l0xx_hal_rtc_ex.o
 .debug_aranges
                0x00000000       0x20 ..\obj\stm32l0xx_hal_rtc_ex.o
 .debug_line    0x00000000      0x61f ..\obj\stm32l0xx_hal_rtc_ex.o
 .debug_str     0x00000000      0x9a2 ..\obj\stm32l0xx_hal_rtc_ex.o
 .comment       0x00000000       0x71 ..\obj\stm32l0xx_hal_rtc_ex.o
 .debug_frame   0x00000000      0x36c ..\obj\stm32l0xx_hal_rtc_ex.o
 .ARM.attributes
                0x00000000       0x32 ..\obj\stm32l0xx_hal_rtc_ex.o
 .text          0x00000000      0x204 ..\obj\stm32l0xx_hal_uart_ex.o
 .data          0x00000000        0x0 ..\obj\stm32l0xx_hal_uart_ex.o
 .bss           0x00000000        0x0 ..\obj\stm32l0xx_hal_uart_ex.o
 .debug_info    0x00000000      0x8dd ..\obj\stm32l0xx_hal_uart_ex.o
 .debug_abbrev  0x00000000      0x212 ..\obj\stm32l0xx_hal_uart_ex.o
 .debug_loc     0x00000000      0x313 ..\obj\stm32l0xx_hal_uart_ex.o
 .debug_aranges
                0x00000000       0x20 ..\obj\stm32l0xx_hal_uart_ex.o
 .debug_line    0x00000000      0x2c6 ..\obj\stm32l0xx_hal_uart_ex.o
 .debug_str     0x00000000      0x887 ..\obj\stm32l0xx_hal_uart_ex.o
 .comment       0x00000000       0x71 ..\obj\stm32l0xx_hal_uart_ex.o
 .debug_frame   0x00000000       0xe8 ..\obj\stm32l0xx_hal_uart_ex.o
 .ARM.attributes
                0x00000000       0x32 ..\obj\stm32l0xx_hal_uart_ex.o
 .bss           0x00000000        0x0 ..\obj\stm32l0xx_hal_rcc.o
 .text          0x00000000        0x0 ..\obj\stm32l0xx_hal_pcd_ex.o
 .data          0x00000000        0x0 ..\obj\stm32l0xx_hal_pcd_ex.o
 .bss           0x00000000        0x0 ..\obj\stm32l0xx_hal_pcd_ex.o
 .debug_info    0x00000000       0x67 ..\obj\stm32l0xx_hal_pcd_ex.o
 .debug_abbrev  0x00000000       0x24 ..\obj\stm32l0xx_hal_pcd_ex.o
 .debug_aranges
                0x00000000       0x18 ..\obj\stm32l0xx_hal_pcd_ex.o
 .debug_line    0x00000000       0x1d ..\obj\stm32l0xx_hal_pcd_ex.o
 .debug_str     0x00000000      0x16f ..\obj\stm32l0xx_hal_pcd_ex.o
 .comment       0x00000000       0x71 ..\obj\stm32l0xx_hal_pcd_ex.o
 .ARM.attributes
                0x00000000       0x32 ..\obj\stm32l0xx_hal_pcd_ex.o
 .text          0x00000000        0x0 ..\obj\stm32l0xx_hal_dac_ex.o
 .data          0x00000000        0x0 ..\obj\stm32l0xx_hal_dac_ex.o
 .bss           0x00000000        0x0 ..\obj\stm32l0xx_hal_dac_ex.o
 .debug_info    0x00000000       0x67 ..\obj\stm32l0xx_hal_dac_ex.o
 .debug_abbrev  0x00000000       0x24 ..\obj\stm32l0xx_hal_dac_ex.o
 .debug_aranges
                0x00000000       0x18 ..\obj\stm32l0xx_hal_dac_ex.o
 .debug_line    0x00000000       0x1d ..\obj\stm32l0xx_hal_dac_ex.o
 .debug_str     0x00000000      0x16f ..\obj\stm32l0xx_hal_dac_ex.o
 .comment       0x00000000       0x71 ..\obj\stm32l0xx_hal_dac_ex.o
 .ARM.attributes
                0x00000000       0x32 ..\obj\stm32l0xx_hal_dac_ex.o
 .text          0x00000000      0x1d8 ..\obj\stm32l0xx_hal_rcc_ex.o
 .data          0x00000000        0x0 ..\obj\stm32l0xx_hal_rcc_ex.o
 .bss           0x00000000        0x0 ..\obj\stm32l0xx_hal_rcc_ex.o
 .debug_info    0x00000000      0x363 ..\obj\stm32l0xx_hal_rcc_ex.o
 .debug_abbrev  0x00000000      0x151 ..\obj\stm32l0xx_hal_rcc_ex.o
 .debug_loc     0x00000000       0xad ..\obj\stm32l0xx_hal_rcc_ex.o
 .debug_aranges
                0x00000000       0x20 ..\obj\stm32l0xx_hal_rcc_ex.o
 .debug_line    0x00000000      0x220 ..\obj\stm32l0xx_hal_rcc_ex.o
 .debug_str     0x00000000      0x3af ..\obj\stm32l0xx_hal_rcc_ex.o
 .comment       0x00000000       0x71 ..\obj\stm32l0xx_hal_rcc_ex.o
 .debug_frame   0x00000000       0x64 ..\obj\stm32l0xx_hal_rcc_ex.o
 .ARM.attributes
                0x00000000       0x32 ..\obj\stm32l0xx_hal_rcc_ex.o
 .text          0x00000000        0x0 ..\obj\stm32l0xx_hal_lcd.o
 .data          0x00000000        0x0 ..\obj\stm32l0xx_hal_lcd.o
 .bss           0x00000000        0x0 ..\obj\stm32l0xx_hal_lcd.o
 .debug_info    0x00000000       0x67 ..\obj\stm32l0xx_hal_lcd.o
 .debug_abbrev  0x00000000       0x24 ..\obj\stm32l0xx_hal_lcd.o
 .debug_aranges
                0x00000000       0x18 ..\obj\stm32l0xx_hal_lcd.o
 .debug_line    0x00000000       0x1d ..\obj\stm32l0xx_hal_lcd.o
 .debug_str     0x00000000      0x16c ..\obj\stm32l0xx_hal_lcd.o
 .comment       0x00000000       0x71 ..\obj\stm32l0xx_hal_lcd.o
 .ARM.attributes
                0x00000000       0x32 ..\obj\stm32l0xx_hal_lcd.o
 .text          0x00000000      0xdfc ..\obj\stm32l0xx_hal_usart.o
 .data          0x00000000        0x0 ..\obj\stm32l0xx_hal_usart.o
 .bss           0x00000000        0x0 ..\obj\stm32l0xx_hal_usart.o
 .debug_info    0x00000000     0x135d ..\obj\stm32l0xx_hal_usart.o
 .debug_abbrev  0x00000000      0x2dd ..\obj\stm32l0xx_hal_usart.o
 .debug_loc     0x00000000      0xda5 ..\obj\stm32l0xx_hal_usart.o
 .debug_aranges
                0x00000000       0x20 ..\obj\stm32l0xx_hal_usart.o
 .debug_line    0x00000000      0x80c ..\obj\stm32l0xx_hal_usart.o
 .debug_str     0x00000000      0xad3 ..\obj\stm32l0xx_hal_usart.o
 .comment       0x00000000       0x71 ..\obj\stm32l0xx_hal_usart.o
 .debug_frame   0x00000000      0x318 ..\obj\stm32l0xx_hal_usart.o
 .ARM.attributes
                0x00000000       0x32 ..\obj\stm32l0xx_hal_usart.o
 .data          0x00000000        0x0 ..\obj\stm32l0xx_hal_adc_ex.o
 .bss           0x00000000        0x0 ..\obj\stm32l0xx_hal_adc_ex.o
 .text          0x00000000      0x7a8 ..\obj\stm32l0xx_hal_lptim.o
 .data          0x00000000        0x0 ..\obj\stm32l0xx_hal_lptim.o
 .bss           0x00000000        0x0 ..\obj\stm32l0xx_hal_lptim.o
 .debug_info    0x00000000      0xb7a ..\obj\stm32l0xx_hal_lptim.o
 .debug_abbrev  0x00000000      0x1a2 ..\obj\stm32l0xx_hal_lptim.o
 .debug_loc     0x00000000      0x7f2 ..\obj\stm32l0xx_hal_lptim.o
 .debug_aranges
                0x00000000       0x20 ..\obj\stm32l0xx_hal_lptim.o
 .debug_line    0x00000000      0x343 ..\obj\stm32l0xx_hal_lptim.o
 .debug_str     0x00000000      0x7a6 ..\obj\stm32l0xx_hal_lptim.o
 .comment       0x00000000       0x71 ..\obj\stm32l0xx_hal_lptim.o
 .debug_frame   0x00000000      0x3c0 ..\obj\stm32l0xx_hal_lptim.o
 .ARM.attributes
                0x00000000       0x32 ..\obj\stm32l0xx_hal_lptim.o
 .text          0x00000000     0x1004 ..\obj\stm32l0xx_hal_uart.o
 .data          0x00000000        0x0 ..\obj\stm32l0xx_hal_uart.o
 .bss           0x00000000        0x0 ..\obj\stm32l0xx_hal_uart.o
 .rodata        0x00000000       0x48 ..\obj\stm32l0xx_hal_uart.o
 .debug_info    0x00000000     0x146b ..\obj\stm32l0xx_hal_uart.o
 .debug_abbrev  0x00000000      0x272 ..\obj\stm32l0xx_hal_uart.o
 .debug_loc     0x00000000      0xe57 ..\obj\stm32l0xx_hal_uart.o
 .debug_aranges
                0x00000000       0x20 ..\obj\stm32l0xx_hal_uart.o
 .debug_line    0x00000000      0x790 ..\obj\stm32l0xx_hal_uart.o
 .debug_str     0x00000000      0xc1f ..\obj\stm32l0xx_hal_uart.o
 .comment       0x00000000       0x71 ..\obj\stm32l0xx_hal_uart.o
 .debug_frame   0x00000000      0x39c ..\obj\stm32l0xx_hal_uart.o
 .ARM.attributes
                0x00000000       0x32 ..\obj\stm32l0xx_hal_uart.o
 .data          0x00000000        0x0 ..\obj\stm32l0xx_hal_spi.o
 .bss           0x00000000        0x0 ..\obj\stm32l0xx_hal_spi.o
 .text          0x00000000        0x0 ..\obj\stm32l0xx_hal_cryp.o
 .data          0x00000000        0x0 ..\obj\stm32l0xx_hal_cryp.o
 .bss           0x00000000        0x0 ..\obj\stm32l0xx_hal_cryp.o
 .debug_info    0x00000000       0x67 ..\obj\stm32l0xx_hal_cryp.o
 .debug_abbrev  0x00000000       0x24 ..\obj\stm32l0xx_hal_cryp.o
 .debug_aranges
                0x00000000       0x18 ..\obj\stm32l0xx_hal_cryp.o
 .debug_line    0x00000000       0x1d ..\obj\stm32l0xx_hal_cryp.o
 .debug_str     0x00000000      0x16d ..\obj\stm32l0xx_hal_cryp.o
 .comment       0x00000000       0x71 ..\obj\stm32l0xx_hal_cryp.o
 .ARM.attributes
                0x00000000       0x32 ..\obj\stm32l0xx_hal_cryp.o
 .data          0x00000000        0x0 ..\obj\stm32l0xx_hal_adc.o
 .bss           0x00000000        0x0 ..\obj\stm32l0xx_hal_adc.o
 .data          0x00000000        0x0 ..\obj\stm32l0xx_hal_msp_template.o
 .bss           0x00000000        0x0 ..\obj\stm32l0xx_hal_msp_template.o
 .text          0x00000000       0x88 ..\obj\stm32l0xx_hal_pwr_ex.o
 .data          0x00000000        0x0 ..\obj\stm32l0xx_hal_pwr_ex.o
 .bss           0x00000000        0x0 ..\obj\stm32l0xx_hal_pwr_ex.o
 .debug_info    0x00000000      0x11f ..\obj\stm32l0xx_hal_pwr_ex.o
 .debug_abbrev  0x00000000       0x7d ..\obj\stm32l0xx_hal_pwr_ex.o
 .debug_aranges
                0x00000000       0x20 ..\obj\stm32l0xx_hal_pwr_ex.o
 .debug_line    0x00000000      0x191 ..\obj\stm32l0xx_hal_pwr_ex.o
 .debug_str     0x00000000      0x244 ..\obj\stm32l0xx_hal_pwr_ex.o
 .comment       0x00000000       0x71 ..\obj\stm32l0xx_hal_pwr_ex.o
 .debug_frame   0x00000000       0x70 ..\obj\stm32l0xx_hal_pwr_ex.o
 .ARM.attributes
                0x00000000       0x32 ..\obj\stm32l0xx_hal_pwr_ex.o
 .data          0x00000000        0x0 ..\obj\stm32l0xx_hal_tim_ex.o
 .bss           0x00000000        0x0 ..\obj\stm32l0xx_hal_tim_ex.o
 .text          0x00000000        0x0 ..\obj\stm32l0xx_hal_dac.o
 .data          0x00000000        0x0 ..\obj\stm32l0xx_hal_dac.o
 .bss           0x00000000        0x0 ..\obj\stm32l0xx_hal_dac.o
 .debug_info    0x00000000       0x67 ..\obj\stm32l0xx_hal_dac.o
 .debug_abbrev  0x00000000       0x24 ..\obj\stm32l0xx_hal_dac.o
 .debug_aranges
                0x00000000       0x18 ..\obj\stm32l0xx_hal_dac.o
 .debug_line    0x00000000       0x1d ..\obj\stm32l0xx_hal_dac.o
 .debug_str     0x00000000      0x16c ..\obj\stm32l0xx_hal_dac.o
 .comment       0x00000000       0x71 ..\obj\stm32l0xx_hal_dac.o
 .ARM.attributes
                0x00000000       0x32 ..\obj\stm32l0xx_hal_dac.o
 .data          0x00000000        0x0 ..\obj\stm32l0xx_hal_cortex.o
 .bss           0x00000000        0x0 ..\obj\stm32l0xx_hal_cortex.o
 .text          0x00000000       0x9c ..\obj\stm32l0xx_hal_crc_ex.o
 .data          0x00000000        0x0 ..\obj\stm32l0xx_hal_crc_ex.o
 .bss           0x00000000        0x0 ..\obj\stm32l0xx_hal_crc_ex.o
 .debug_info    0x00000000      0x303 ..\obj\stm32l0xx_hal_crc_ex.o
 .debug_abbrev  0x00000000       0xe9 ..\obj\stm32l0xx_hal_crc_ex.o
 .debug_loc     0x00000000      0x182 ..\obj\stm32l0xx_hal_crc_ex.o
 .debug_aranges
                0x00000000       0x20 ..\obj\stm32l0xx_hal_crc_ex.o
 .debug_line    0x00000000      0x1db ..\obj\stm32l0xx_hal_crc_ex.o
 .debug_str     0x00000000      0x3d9 ..\obj\stm32l0xx_hal_crc_ex.o
 .comment       0x00000000       0x71 ..\obj\stm32l0xx_hal_crc_ex.o
 .debug_frame   0x00000000       0x5c ..\obj\stm32l0xx_hal_crc_ex.o
 .ARM.attributes
                0x00000000       0x32 ..\obj\stm32l0xx_hal_crc_ex.o
 .data          0x00000000        0x0 c:/program files (x86)/gnu tools arm embedded/4.9 2015q1/bin/../lib/gcc/arm-none-eabi/4.9.3/armv6-m\libgcc.a(_udivsi3.o)
 .bss           0x00000000        0x0 c:/program files (x86)/gnu tools arm embedded/4.9 2015q1/bin/../lib/gcc/arm-none-eabi/4.9.3/armv6-m\libgcc.a(_udivsi3.o)
 .data          0x00000000        0x0 c:/program files (x86)/gnu tools arm embedded/4.9 2015q1/bin/../lib/gcc/arm-none-eabi/4.9.3/armv6-m\libgcc.a(_dvmd_tls.o)
 .bss           0x00000000        0x0 c:/program files (x86)/gnu tools arm embedded/4.9 2015q1/bin/../lib/gcc/arm-none-eabi/4.9.3/armv6-m\libgcc.a(_dvmd_tls.o)
 .text          0x00000000        0x0 c:/program files (x86)/gnu tools arm embedded/4.9 2015q1/bin/../lib/gcc/arm-none-eabi/4.9.3/../../../../arm-none-eabi/lib/armv6-m\libg.a(lib_a-exit.o)
 .data          0x00000000        0x0 c:/program files (x86)/gnu tools arm embedded/4.9 2015q1/bin/../lib/gcc/arm-none-eabi/4.9.3/../../../../arm-none-eabi/lib/armv6-m\libg.a(lib_a-exit.o)
 .bss           0x00000000        0x0 c:/program files (x86)/gnu tools arm embedded/4.9 2015q1/bin/../lib/gcc/arm-none-eabi/4.9.3/../../../../arm-none-eabi/lib/armv6-m\libg.a(lib_a-exit.o)
 .text.exit     0x00000000       0x20 c:/program files (x86)/gnu tools arm embedded/4.9 2015q1/bin/../lib/gcc/arm-none-eabi/4.9.3/../../../../arm-none-eabi/lib/armv6-m\libg.a(lib_a-exit.o)
 .debug_frame   0x00000000       0x28 c:/program files (x86)/gnu tools arm embedded/4.9 2015q1/bin/../lib/gcc/arm-none-eabi/4.9.3/../../../../arm-none-eabi/lib/armv6-m\libg.a(lib_a-exit.o)
 .ARM.attributes
                0x00000000       0x2c c:/program files (x86)/gnu tools arm embedded/4.9 2015q1/bin/../lib/gcc/arm-none-eabi/4.9.3/../../../../arm-none-eabi/lib/armv6-m\libg.a(lib_a-exit.o)
 .text          0x00000000        0x0 c:/program files (x86)/gnu tools arm embedded/4.9 2015q1/bin/../lib/gcc/arm-none-eabi/4.9.3/../../../../arm-none-eabi/lib/armv6-m\libg.a(lib_a-impure.o)
 .data          0x00000000        0x0 c:/program files (x86)/gnu tools arm embedded/4.9 2015q1/bin/../lib/gcc/arm-none-eabi/4.9.3/../../../../arm-none-eabi/lib/armv6-m\libg.a(lib_a-impure.o)
 .bss           0x00000000        0x0 c:/program files (x86)/gnu tools arm embedded/4.9 2015q1/bin/../lib/gcc/arm-none-eabi/4.9.3/../../../../arm-none-eabi/lib/armv6-m\libg.a(lib_a-impure.o)
 .data._impure_ptr
                0x00000000        0x4 c:/program files (x86)/gnu tools arm embedded/4.9 2015q1/bin/../lib/gcc/arm-none-eabi/4.9.3/../../../../arm-none-eabi/lib/armv6-m\libg.a(lib_a-impure.o)
 .text          0x00000000        0x0 c:/program files (x86)/gnu tools arm embedded/4.9 2015q1/bin/../lib/gcc/arm-none-eabi/4.9.3/../../../../arm-none-eabi/lib/armv6-m\libg.a(lib_a-init.o)
 .data          0x00000000        0x0 c:/program files (x86)/gnu tools arm embedded/4.9 2015q1/bin/../lib/gcc/arm-none-eabi/4.9.3/../../../../arm-none-eabi/lib/armv6-m\libg.a(lib_a-init.o)
 .bss           0x00000000        0x0 c:/program files (x86)/gnu tools arm embedded/4.9 2015q1/bin/../lib/gcc/arm-none-eabi/4.9.3/../../../../arm-none-eabi/lib/armv6-m\libg.a(lib_a-init.o)
 .text          0x00000000        0x0 c:/program files (x86)/gnu tools arm embedded/4.9 2015q1/bin/../lib/gcc/arm-none-eabi/4.9.3/../../../../arm-none-eabi/lib/armv6-m\libg.a(lib_a-memset.o)
 .data          0x00000000        0x0 c:/program files (x86)/gnu tools arm embedded/4.9 2015q1/bin/../lib/gcc/arm-none-eabi/4.9.3/../../../../arm-none-eabi/lib/armv6-m\libg.a(lib_a-memset.o)
 .bss           0x00000000        0x0 c:/program files (x86)/gnu tools arm embedded/4.9 2015q1/bin/../lib/gcc/arm-none-eabi/4.9.3/../../../../arm-none-eabi/lib/armv6-m\libg.a(lib_a-memset.o)
 .text.memset   0x00000000       0x8c c:/program files (x86)/gnu tools arm embedded/4.9 2015q1/bin/../lib/gcc/arm-none-eabi/4.9.3/../../../../arm-none-eabi/lib/armv6-m\libg.a(lib_a-memset.o)
 .debug_frame   0x00000000       0x2c c:/program files (x86)/gnu tools arm embedded/4.9 2015q1/bin/../lib/gcc/arm-none-eabi/4.9.3/../../../../arm-none-eabi/lib/armv6-m\libg.a(lib_a-memset.o)
 .ARM.attributes
                0x00000000       0x2c c:/program files (x86)/gnu tools arm embedded/4.9 2015q1/bin/../lib/gcc/arm-none-eabi/4.9.3/../../../../arm-none-eabi/lib/armv6-m\libg.a(lib_a-memset.o)
 .text          0x00000000        0x0 c:/program files (x86)/gnu tools arm embedded/4.9 2015q1/bin/../lib/gcc/arm-none-eabi/4.9.3/../../../../arm-none-eabi/lib/armv6-m\libg.a(lib_a-__call_atexit.o)
 .data          0x00000000        0x0 c:/program files (x86)/gnu tools arm embedded/4.9 2015q1/bin/../lib/gcc/arm-none-eabi/4.9.3/../../../../arm-none-eabi/lib/armv6-m\libg.a(lib_a-__call_atexit.o)
 .bss           0x00000000        0x0 c:/program files (x86)/gnu tools arm embedded/4.9 2015q1/bin/../lib/gcc/arm-none-eabi/4.9.3/../../../../arm-none-eabi/lib/armv6-m\libg.a(lib_a-__call_atexit.o)
 .text.__call_exitprocs
                0x00000000      0x108 c:/program files (x86)/gnu tools arm embedded/4.9 2015q1/bin/../lib/gcc/arm-none-eabi/4.9.3/../../../../arm-none-eabi/lib/armv6-m\libg.a(lib_a-__call_atexit.o)
 .text          0x00000000        0x0 c:/program files (x86)/gnu tools arm embedded/4.9 2015q1/bin/../lib/gcc/arm-none-eabi/4.9.3/../../../../arm-none-eabi/lib/armv6-m\libg.a(lib_a-atexit.o)
 .data          0x00000000        0x0 c:/program files (x86)/gnu tools arm embedded/4.9 2015q1/bin/../lib/gcc/arm-none-eabi/4.9.3/../../../../arm-none-eabi/lib/armv6-m\libg.a(lib_a-atexit.o)
 .bss           0x00000000        0x0 c:/program files (x86)/gnu tools arm embedded/4.9 2015q1/bin/../lib/gcc/arm-none-eabi/4.9.3/../../../../arm-none-eabi/lib/armv6-m\libg.a(lib_a-atexit.o)
 .text          0x00000000        0x0 c:/program files (x86)/gnu tools arm embedded/4.9 2015q1/bin/../lib/gcc/arm-none-eabi/4.9.3/../../../../arm-none-eabi/lib/armv6-m\libg.a(lib_a-fini.o)
 .data          0x00000000        0x0 c:/program files (x86)/gnu tools arm embedded/4.9 2015q1/bin/../lib/gcc/arm-none-eabi/4.9.3/../../../../arm-none-eabi/lib/armv6-m\libg.a(lib_a-fini.o)
 .bss           0x00000000        0x0 c:/program files (x86)/gnu tools arm embedded/4.9 2015q1/bin/../lib/gcc/arm-none-eabi/4.9.3/../../../../arm-none-eabi/lib/armv6-m\libg.a(lib_a-fini.o)
 .text          0x00000000        0x0 c:/program files (x86)/gnu tools arm embedded/4.9 2015q1/bin/../lib/gcc/arm-none-eabi/4.9.3/../../../../arm-none-eabi/lib/armv6-m\libg.a(lib_a-__atexit.o)
 .data          0x00000000        0x0 c:/program files (x86)/gnu tools arm embedded/4.9 2015q1/bin/../lib/gcc/arm-none-eabi/4.9.3/../../../../arm-none-eabi/lib/armv6-m\libg.a(lib_a-__atexit.o)
 .bss           0x00000000        0x0 c:/program files (x86)/gnu tools arm embedded/4.9 2015q1/bin/../lib/gcc/arm-none-eabi/4.9.3/../../../../arm-none-eabi/lib/armv6-m\libg.a(lib_a-__atexit.o)
 .text          0x00000000        0x0 c:/program files (x86)/gnu tools arm embedded/4.9 2015q1/bin/../lib/gcc/arm-none-eabi/4.9.3/armv6-m/crtend.o
 .data          0x00000000        0x0 c:/program files (x86)/gnu tools arm embedded/4.9 2015q1/bin/../lib/gcc/arm-none-eabi/4.9.3/armv6-m/crtend.o
 .bss           0x00000000        0x0 c:/program files (x86)/gnu tools arm embedded/4.9 2015q1/bin/../lib/gcc/arm-none-eabi/4.9.3/armv6-m/crtend.o
 .eh_frame      0x00000000        0x4 c:/program files (x86)/gnu tools arm embedded/4.9 2015q1/bin/../lib/gcc/arm-none-eabi/4.9.3/armv6-m/crtend.o
 .text          0x00000000        0x0 c:/program files (x86)/gnu tools arm embedded/4.9 2015q1/bin/../lib/gcc/arm-none-eabi/4.9.3/armv6-m/crtn.o
 .data          0x00000000        0x0 c:/program files (x86)/gnu tools arm embedded/4.9 2015q1/bin/../lib/gcc/arm-none-eabi/4.9.3/armv6-m/crtn.o
 .bss           0x00000000        0x0 c:/program files (x86)/gnu tools arm embedded/4.9 2015q1/bin/../lib/gcc/arm-none-eabi/4.9.3/armv6-m/crtn.o

Memory Configuration

Name             Origin             Length             Attributes
rom              0x08000000         0x00008000         xr
ram              0x20000000         0x00002000         xrw
*default*        0x00000000         0xffffffff

Linker script and memory map

LOAD c:/program files (x86)/gnu tools arm embedded/4.9 2015q1/bin/../lib/gcc/arm-none-eabi/4.9.3/armv6-m/crti.o
LOAD c:/program files (x86)/gnu tools arm embedded/4.9 2015q1/bin/../lib/gcc/arm-none-eabi/4.9.3/armv6-m/crtbegin.o
LOAD c:/program files (x86)/gnu tools arm embedded/4.9 2015q1/bin/../lib/gcc/arm-none-eabi/4.9.3/../../../../arm-none-eabi/lib/armv6-m/crt0.o
                0x20002000                _eram = 0x20002000

.text           0x08000000     0x6bec
 *(.isr_vector)
 .isr_vector    0x08000000       0xc0 ..\obj\startup_stm32l051xx.o
                0x08000000                g_pfnVectors
 *(.text*)
 .text          0x080000c0       0x60 c:/program files (x86)/gnu tools arm embedded/4.9 2015q1/bin/../lib/gcc/arm-none-eabi/4.9.3/armv6-m/crtbegin.o
 .text          0x08000120      0x308 ..\obj\stm32l0xx_hal_gpio.o
                0x08000120                HAL_GPIO_Init
                0x080002f4                HAL_GPIO_DeInit
                0x080003c0                HAL_GPIO_ReadPin
                0x080003cc                HAL_GPIO_WritePin
                0x080003d8                HAL_GPIO_TogglePin
                0x080003e0                HAL_GPIO_LockPin
                0x08000410                HAL_GPIO_EXTI_IRQHandler
 .text          0x08000428     0x1dc8 ..\obj\stm32l0xx_hal_tim.o
                0x08000540                HAL_TIM_Base_Init
                0x08000570                HAL_TIM_OC_MspInit
                0x08000574                HAL_TIM_OC_Init
                0x080005a4                HAL_TIM_PWM_MspInit
                0x080005a8                HAL_TIM_PWM_Init
                0x080005d8                HAL_TIM_IC_MspInit
                0x080005dc                HAL_TIM_IC_Init
                0x0800060c                HAL_TIM_OnePulse_MspInit
                0x08000610                HAL_TIM_OnePulse_Init
                0x08000654                HAL_TIM_Encoder_MspInit
                0x08000658                HAL_TIM_Encoder_Init
                0x080006f0                HAL_TIM_Base_DeInit
                0x08000724                HAL_TIM_OC_MspDeInit
                0x08000728                HAL_TIM_OC_DeInit
                0x0800075c                HAL_TIM_PWM_MspDeInit
                0x08000760                HAL_TIM_PWM_DeInit
                0x08000794                HAL_TIM_IC_MspDeInit
                0x08000798                HAL_TIM_IC_DeInit
                0x080007cc                HAL_TIM_OnePulse_MspDeInit
                0x080007d0                HAL_TIM_OnePulse_DeInit
                0x08000804                HAL_TIM_Encoder_MspDeInit
                0x08000808                HAL_TIM_Encoder_DeInit
                0x0800083c                HAL_TIM_Base_Start
                0x08000854                HAL_TIM_Base_Stop
                0x0800087c                HAL_TIM_Base_Start_IT
                0x08000894                HAL_TIM_Base_Stop_IT
                0x080008b8                HAL_TIM_Base_Start_DMA
                0x0800091c                HAL_TIM_Base_Stop_DMA
                0x0800094c                HAL_TIM_OC_Start
                0x08000968                HAL_TIM_OC_Stop
                0x08000990                HAL_TIM_OC_Start_IT
                0x080009f0                HAL_TIM_OC_Stop_IT
                0x08000a5c                HAL_TIM_OC_Start_DMA
                0x08000b54                HAL_TIM_OC_Stop_DMA
                0x08000bd4                HAL_TIM_PWM_Start
                0x08000bf0                HAL_TIM_PWM_Stop
                0x08000c1c                HAL_TIM_PWM_Start_IT
                0x08000c7c                HAL_TIM_PWM_Stop_IT
                0x08000ce8                HAL_TIM_PWM_Start_DMA
                0x08000de0                HAL_TIM_PWM_Stop_DMA
                0x08000e60                HAL_TIM_IC_Start
                0x08000e7c                HAL_TIM_IC_Stop
                0x08000ea4                HAL_TIM_IC_Start_IT
                0x08000f04                HAL_TIM_IC_Stop_IT
                0x08000f70                HAL_TIM_IC_Start_DMA
                0x0800105c                HAL_TIM_IC_Stop_DMA
                0x080010dc                HAL_TIM_OnePulse_Start
                0x080010f8                HAL_TIM_OnePulse_Stop
                0x0800112c                HAL_TIM_OnePulse_Start_IT
                0x0800115c                HAL_TIM_OnePulse_Stop_IT
                0x080011a4                HAL_TIM_Encoder_Start
                0x080011ec                HAL_TIM_Encoder_Stop
                0x08001240                HAL_TIM_Encoder_Start_IT
                0x080012b0                HAL_TIM_Encoder_Stop_IT
                0x0800132c                HAL_TIM_Encoder_Start_DMA
                0x08001460                HAL_TIM_Encoder_Stop_DMA
                0x080014e4                HAL_TIM_OC_ConfigChannel
                0x080015a4                HAL_TIM_IC_ConfigChannel
                0x08001708                HAL_TIM_PWM_ConfigChannel
                0x08001854                HAL_TIM_OnePulse_ConfigChannel
                0x08001970                HAL_TIM_DMABurst_WriteStart
                0x08001ac0                HAL_TIM_DMABurst_WriteStop
                0x08001acc                HAL_TIM_DMABurst_ReadStart
                0x08001c1c                HAL_TIM_DMABurst_ReadStop
                0x08001c28                HAL_TIM_GenerateEvent
                0x08001c4c                HAL_TIM_ConfigOCrefClear
                0x08001d2c                HAL_TIM_ConfigClockSource
                0x08001ef0                HAL_TIM_ConfigTI1Input
                0x08001f00                HAL_TIM_SlaveConfigSynchronization
                0x08001fec                HAL_TIM_ReadCapturedValue
                0x0800204c                HAL_TIM_OC_DelayElapsedCallback
                0x08002050                HAL_TIM_IC_CaptureCallback
                0x08002054                HAL_TIM_DMACaptureCplt
                0x08002064                HAL_TIM_PWM_PulseFinishedCallback
                0x08002068                HAL_TIM_DMADelayPulseCplt
                0x08002078                HAL_TIM_TriggerCallback
                0x0800208c                HAL_TIM_ErrorCallback
                0x08002090                HAL_TIM_DMAError
                0x080020a0                HAL_TIM_Base_GetState
                0x080020a8                HAL_TIM_OC_GetState
                0x080020b0                HAL_TIM_PWM_GetState
                0x080020b8                HAL_TIM_IC_GetState
                0x080020c0                HAL_TIM_OnePulse_GetState
                0x080020c8                HAL_TIM_Encoder_GetState
                0x080020d0                HAL_TIM_IRQHandler
 .text          0x080021f0      0x1e4 ..\obj\imu.o
                0x080021f0                IMUReadBytes
                0x08002258                checkForMovement
                0x08002338                IMUWriteByte
                0x08002378                startIMU
                0x080023b4                stopIMU
 .text          0x080023d4      0x1a8 ..\obj\stm32l0xx_hal_msp.o
                0x080023d4                HAL_ADC_MspInit
                0x08002420                HAL_ADC_MspDeInit
                0x08002454                HAL_SPI_MspInit
                0x080024a4                HAL_SPI_MspDeInit
                0x080024d8                HAL_TIM_Base_MspInit
                0x08002538                HAL_TIM_Base_MspDeInit
 .text          0x0800257c      0x29c ..\obj\stm32l0xx_hal.o
                0x08002584                HAL_DeInit
                0x080025ac                HAL_InitTick
                0x080025d0                HAL_Init
                0x080025f8                HAL_IncTick
                0x08002608                HAL_GetTick
                0x08002614                HAL_Delay
                0x08002630                HAL_SuspendTick
                0x08002640                HAL_ResumeTick
                0x08002650                HAL_GetHalVersion
                0x08002658                HAL_GetREVID
                0x08002664                HAL_GetDEVID
                0x08002674                HAL_EnableDBGSleepMode
                0x08002684                HAL_DisableDBGSleepMode
                0x08002694                HAL_EnableDBGStopMode
                0x080026a4                HAL_DisableDBGStopMode
                0x080026b4                HAL_EnableDBGStandbyMode
                0x080026c4                HAL_DisableDBGStandbyMode
                0x080026d4                HAL_DBG_LowPowerConfig
                0x080026f0                HAL_GetBootMode
                0x08002700                HAL_I2CFastModePlusConfig
                0x0800271c                HAL_VREFINT_Cmd
                0x0800273c                HAL_VREFINT_OutputSelect
                0x08002754                HAL_ADC_EnableBuffer_Cmd
                0x0800277c                HAL_ADC_EnableBufferSensor_Cmd
                0x080027a4                HAL_COMP_EnableBuffer_Cmd
                0x080027cc                HAL_RC48_EnableBuffer_Cmd
                0x080027f4                HAL_Lock_Cmd
 .text          0x08002818      0x298 ..\obj\main.o
                0x08002818                SystemClock_Config
                0x08002874                main
 .text          0x08002ab0       0x6c ..\obj\stm32l0xx_it.o
                0x08002ab0                TIM6_IRQHandler
                0x08002ac4                EXTI4_15_IRQHandler
                0x08002ad8                SysTick_Handler
                0x08002ae4                ADC1_COMP_IRQHandler
                0x08002af8                SPI1_IRQHandler
                0x08002b0c                EXTI0_1_IRQHandler
 .text          0x08002b1c      0x11c ..\obj\system_stm32l0xx.o
                0x08002b1c                SystemInit
                0x08002b78                SystemCoreClockUpdate
 .text.Reset_Handler
                0x08002c38       0x50 ..\obj\startup_stm32l051xx.o
                0x08002c38                Reset_Handler
 .text.Default_Handler
                0x08002c88        0x2 ..\obj\startup_stm32l051xx.o
                0x08002c88                DebugMon_Handler
                0x08002c88                HardFault_Handler
                0x08002c88                PVD_IRQHandler
                0x08002c88                PendSV_Handler
                0x08002c88                NMI_Handler
                0x08002c88                I2C1_IRQHandler
                0x08002c88                EXTI2_3_IRQHandler
                0x08002c88                I2C2_IRQHandler
                0x08002c88                RTC_IRQHandler
                0x08002c88                DMA1_Channel4_5_6_7_IRQHandler
                0x08002c88                RCC_IRQHandler
                0x08002c88                DMA1_Channel1_IRQHandler
                0x08002c88                Default_Handler
                0x08002c88                TIM22_IRQHandler
                0x08002c88                SPI2_IRQHandler
                0x08002c88                SVC_Handler
                0x08002c88                TIM21_IRQHandler
                0x08002c88                WWDG_IRQHandler
                0x08002c88                LPUART1_IRQHandler
                0x08002c88                TIM2_IRQHandler
                0x08002c88                DMA1_Channel2_3_IRQHandler
                0x08002c88                USART2_IRQHandler
                0x08002c88                FLASH_IRQHandler
                0x08002c88                USART1_IRQHandler
                0x08002c88                LPTIM1_IRQHandler
 *fill*         0x08002c8a        0x2 
 .text          0x08002c8c      0xb88 ..\obj\stm32l0xx_hal_dma.o
                0x08002c8c                HAL_DMA_Init
                0x08002dc8                HAL_DMA_DeInit
                0x08002ffc                HAL_DMA_Start
                0x08003048                HAL_DMA_Start_IT
                0x080030b4                HAL_DMA_Abort
                0x0800310c                HAL_DMA_PollForTransfer
                0x08003398                HAL_DMA_IRQHandler
                0x08003808                HAL_DMA_GetState
                0x08003810                HAL_DMA_GetError
 .text          0x08003814      0x3ec ..\obj\stateMachine.o
                0x08003814                HAL_GPIO_EXTI_Callback
                0x080038d0                startTipTempMeasurement
                0x08003910                HAL_TIM_PeriodElapsedCallback
                0x08003994                basicController
                0x080039e8                stateMachine
 .text          0x08003c00      0x160 ..\obj\leds.o
                0x08003c00                setLED
                0x08003d0c                clearLEDs
 .text          0x08003d60      0xaa0 ..\obj\stm32l0xx_hal_rcc.o
                0x08003d60                HAL_RCC_DeInit
                0x08003d90                HAL_RCC_OscConfig
                0x080042b0                HAL_RCC_ClockConfig
                0x0800455c                HAL_RCC_MCOConfig
                0x080045b4                HAL_RCC_EnableCSS
                0x080045c8                HAL_RCC_GetSysClockFreq
                0x08004648                HAL_RCC_GetHCLKFreq
                0x08004674                HAL_RCC_GetPCLK1Freq
                0x08004698                HAL_RCC_GetPCLK2Freq
                0x080046bc                HAL_RCC_GetOscConfig
                0x0800479c                HAL_RCC_GetClockConfig
                0x080047e0                HAL_RCC_CCSCallback
                0x080047e4                HAL_RCC_NMI_IRQHandler
 .text          0x08004800      0x128 ..\obj\stm32l0xx_hal_adc_ex.o
                0x08004800                HAL_ADCEx_Calibration_Start
                0x080048c4                HAL_ADCEx_Calibration_GetValue
                0x080048d0                HAL_ADCEx_Calibration_SetValue
 .text          0x08004928     0x1498 ..\obj\stm32l0xx_hal_spi.o
                0x08004a1c                HAL_SPI_Init
                0x08004aa4                HAL_SPI_DeInit
                0x08004ad4                HAL_SPI_Transmit
                0x08004c9c                HAL_SPI_TransmitReceive
                0x08005000                HAL_SPI_Receive
                0x08005254                HAL_SPI_Transmit_IT
                0x08005314                HAL_SPI_TransmitReceive_IT
                0x080053d8                HAL_SPI_Receive_IT
                0x080054ac                HAL_SPI_Transmit_DMA
                0x0800557c                HAL_SPI_TransmitReceive_DMA
                0x080056a0                HAL_SPI_Receive_DMA
                0x08005798                HAL_SPI_DMAPause
                0x080057c4                HAL_SPI_DMAResume
                0x080057f0                HAL_SPI_DMAStop
                0x08005824                HAL_SPI_TxCpltCallback
                0x08005828                HAL_SPI_RxCpltCallback
                0x0800582c                HAL_SPI_TxRxCpltCallback
                0x08005830                HAL_SPI_TxHalfCpltCallback
                0x08005840                HAL_SPI_RxHalfCpltCallback
                0x08005850                HAL_SPI_TxRxHalfCpltCallback
                0x08005860                HAL_SPI_ErrorCallback
                0x08005d04                HAL_SPI_IRQHandler
                0x08005db0                HAL_SPI_GetState
                0x08005db8                HAL_SPI_GetError
 .text          0x08005dc0      0x914 ..\obj\stm32l0xx_hal_adc.o
                0x08005f1c                HAL_ADC_Init
                0x080060f4                HAL_ADC_DeInit
                0x080061d8                HAL_ADC_Start
                0x08006214                HAL_ADC_Stop
                0x08006258                HAL_ADC_PollForConversion
                0x080062b0                HAL_ADC_PollForEvent
                0x0800630c                HAL_ADC_Start_IT
                0x08006388                HAL_ADC_Stop_IT
                0x080063d8                HAL_ADC_Start_DMA
                0x08006458                HAL_ADC_Stop_DMA
                0x080064c8                HAL_ADC_GetValue
                0x080064d0                HAL_ADC_ConvCpltCallback
                0x080064e4                HAL_ADC_ConvHalfCpltCallback
                0x080064f4                HAL_ADC_LevelOutOfWindowCallback
                0x080064f8                HAL_ADC_ErrorCallback
                0x080064fc                HAL_ADC_IRQHandler
                0x080065cc                HAL_ADC_ConfigChannel
                0x08006634                HAL_ADC_AnalogWDGConfig
                0x080066c8                HAL_ADC_GetState
                0x080066d0                HAL_ADC_GetError
 .text          0x080066d4       0x10 ..\obj\stm32l0xx_hal_msp_template.o
                0x080066d4                HAL_MspInit
                0x080066d8                HAL_MspDeInit
                0x080066dc                HAL_PPP_MspInit
                0x080066e0                HAL_PPP_MspDeInit
 .text          0x080066e4       0x7c ..\obj\stm32l0xx_hal_tim_ex.o
                0x080066e4                HAL_TIMEx_MasterConfigSynchronization
                0x0800672c                HAL_TIMEx_RemapConfig
 .text          0x08006760      0x164 ..\obj\stm32l0xx_hal_cortex.o
                0x08006760                HAL_NVIC_SetPriority
                0x080067c8                HAL_NVIC_EnableIRQ
                0x080067dc                HAL_NVIC_DisableIRQ
                0x080067f4                HAL_NVIC_SystemReset
                0x0800680c                HAL_SYSTICK_Config
                0x08006844                HAL_NVIC_SetPendingIRQ
                0x0800685c                HAL_NVIC_GetPendingIRQ
                0x08006880                HAL_NVIC_ClearPendingIRQ
                0x08006898                HAL_SYSTICK_CLKSourceConfig
                0x080068b8                HAL_SYSTICK_Callback
                0x080068bc                HAL_SYSTICK_IRQHandler
 .text          0x080068c4      0x120 c:/program files (x86)/gnu tools arm embedded/4.9 2015q1/bin/../lib/gcc/arm-none-eabi/4.9.3/armv6-m\libgcc.a(_udivsi3.o)
                0x080068c4                __aeabi_uidiv
                0x080068c4                __udivsi3
                0x080069d0                __aeabi_uidivmod
 .text          0x080069e4        0x4 c:/program files (x86)/gnu tools arm embedded/4.9 2015q1/bin/../lib/gcc/arm-none-eabi/4.9.3/armv6-m\libgcc.a(_dvmd_tls.o)
                0x080069e4                __aeabi_idiv0
                0x080069e4                __aeabi_ldiv0
 .text.__libc_init_array
                0x080069e8       0x48 c:/program files (x86)/gnu tools arm embedded/4.9 2015q1/bin/../lib/gcc/arm-none-eabi/4.9.3/../../../../arm-none-eabi/lib/armv6-m\libg.a(lib_a-init.o)
                0x080069e8                __libc_init_array
 .text.startup.register_fini
                0x08006a30       0x18 c:/program files (x86)/gnu tools arm embedded/4.9 2015q1/bin/../lib/gcc/arm-none-eabi/4.9.3/../../../../arm-none-eabi/lib/armv6-m\libg.a(lib_a-__call_atexit.o)
 .text.atexit   0x08006a48       0x10 c:/program files (x86)/gnu tools arm embedded/4.9 2015q1/bin/../lib/gcc/arm-none-eabi/4.9.3/../../../../arm-none-eabi/lib/armv6-m\libg.a(lib_a-atexit.o)
                0x08006a48                atexit
 .text.__libc_fini_array
                0x08006a58       0x34 c:/program files (x86)/gnu tools arm embedded/4.9 2015q1/bin/../lib/gcc/arm-none-eabi/4.9.3/../../../../arm-none-eabi/lib/armv6-m\libg.a(lib_a-fini.o)
                0x08006a58                __libc_fini_array
 .text.__register_exitproc
                0x08006a8c       0xd4 c:/program files (x86)/gnu tools arm embedded/4.9 2015q1/bin/../lib/gcc/arm-none-eabi/4.9.3/../../../../arm-none-eabi/lib/armv6-m\libg.a(lib_a-__atexit.o)
                0x08006a8c                __register_exitproc
 *(.init)
 .init          0x08006b60        0x4 c:/program files (x86)/gnu tools arm embedded/4.9 2015q1/bin/../lib/gcc/arm-none-eabi/4.9.3/armv6-m/crti.o
                0x08006b60                _init
 .init          0x08006b64        0x8 c:/program files (x86)/gnu tools arm embedded/4.9 2015q1/bin/../lib/gcc/arm-none-eabi/4.9.3/armv6-m/crtn.o
 *(.fini)
 .fini          0x08006b6c        0x4 c:/program files (x86)/gnu tools arm embedded/4.9 2015q1/bin/../lib/gcc/arm-none-eabi/4.9.3/armv6-m/crti.o
                0x08006b6c                _fini
 .fini          0x08006b70        0x8 c:/program files (x86)/gnu tools arm embedded/4.9 2015q1/bin/../lib/gcc/arm-none-eabi/4.9.3/armv6-m/crtn.o
 *crtbegin.o(.ctors)
 *crtbegin?.o(.ctors)
 *(EXCLUDE_FILE(*crtend.o *crtend?.o) .ctors)
 *(SORT(.ctors.*))
 *(.ctors)
 *crtbegin.o(.dtors)
 *crtbegin?.o(.dtors)
 *(EXCLUDE_FILE(*crtend.o *crtend?.o) .dtors)
 *(SORT(.dtors.*))
 *(.dtors)
 *(.rodata*)
 .rodata        0x08006b78       0x2c ..\obj\stateMachine.o
 .rodata        0x08006ba4       0x24 ..\obj\leds.o
 .rodata        0x08006bc8       0x1c ..\obj\stm32l0xx_hal_rcc.o
                0x08006bc8                MSIRangeTable
 .rodata.str1.4
                0x08006be4        0x4 c:/program files (x86)/gnu tools arm embedded/4.9 2015q1/bin/../lib/gcc/arm-none-eabi/4.9.3/../../../../arm-none-eabi/lib/armv6-m\libg.a(lib_a-impure.o)
 .rodata._global_impure_ptr
                0x08006be8        0x4 c:/program files (x86)/gnu tools arm embedded/4.9 2015q1/bin/../lib/gcc/arm-none-eabi/4.9.3/../../../../arm-none-eabi/lib/armv6-m\libg.a(lib_a-impure.o)
                0x08006be8                _global_impure_ptr
 *(.eh_fram e*)

.eh_frame       0x08006bec        0x0
 .eh_frame      0x08006bec        0x0 c:/program files (x86)/gnu tools arm embedded/4.9 2015q1/bin/../lib/gcc/arm-none-eabi/4.9.3/armv6-m/crtbegin.o

.glue_7         0x08006bec        0x0
 .glue_7        0x00000000        0x0 linker stubs

.glue_7t        0x08006bec        0x0
 .glue_7t       0x00000000        0x0 linker stubs

.vfp11_veneer   0x08006bec        0x0
 .vfp11_veneer  0x00000000        0x0 linker stubs

.v4_bx          0x08006bec        0x0
 .v4_bx         0x00000000        0x0 linker stubs

.iplt           0x08006bec        0x0
 .iplt          0x00000000        0x0 c:/program files (x86)/gnu tools arm embedded/4.9 2015q1/bin/../lib/gcc/arm-none-eabi/4.9.3/armv6-m/crtbegin.o

.rel.dyn        0x08006bec        0x0
 .rel.iplt      0x00000000        0x0 c:/program files (x86)/gnu tools arm embedded/4.9 2015q1/bin/../lib/gcc/arm-none-eabi/4.9.3/armv6-m/crtbegin.o

.ARM.extab
 *(.ARM.extab* .gnu.linkonce.armextab.*)
                0x08006bec                __exidx_start = .

.ARM.exidx
 *(.ARM.exidx* .gnu.linkonce.armexidx.*)
                0x08006bec                __exidx_end = .
                0x08006bec                __etext = .
                0x08006bec                _sidata = __etext

.data           0x20000000      0x478 load address 0x08006bec
                0x20000000                __data_start__ = .
                0x20000000                _sdata = __data_start__
 *(vtable)
 *(.data*)
 .data          0x20000000       0x20 ..\obj\system_stm32l0xx.o
                0x20000000                SystemCoreClock
                0x20000004                PLLMulTable
                0x20000010                AHBPrescTable
 .data          0x20000020        0x1 ..\obj\stateMachine.o
                0x20000020                LastTempState
 *fill*         0x20000021        0x3 
 .data          0x20000024       0x1c ..\obj\stm32l0xx_hal_rcc.o
 .data.impure_data
                0x20000040      0x428 c:/program files (x86)/gnu tools arm embedded/4.9 2015q1/bin/../lib/gcc/arm-none-eabi/4.9.3/../../../../arm-none-eabi/lib/armv6-m\libg.a(lib_a-impure.o)
                0x20000468                . = ALIGN (0x4)
                0x20000468                PROVIDE (__preinit_array_start, .)
 *(.preinit_array)
                0x20000468                PROVIDE (__preinit_array_end, .)
                0x20000468                . = ALIGN (0x4)
                0x20000468                PROVIDE (__init_array_start, .)
 *(SORT(.init_array.*))
 .init_array.00000
                0x20000468        0x4 c:/program files (x86)/gnu tools arm embedded/4.9 2015q1/bin/../lib/gcc/arm-none-eabi/4.9.3/../../../../arm-none-eabi/lib/armv6-m\libg.a(lib_a-__call_atexit.o)
 *(.init_array)
 .init_array    0x2000046c        0x4 c:/program files (x86)/gnu tools arm embedded/4.9 2015q1/bin/../lib/gcc/arm-none-eabi/4.9.3/armv6-m/crtbegin.o
                0x20000470                PROVIDE (__init_array_end, .)
                0x20000470                . = ALIGN (0x4)
                0x20000470                PROVIDE (__fini_array_start, .)
 *(SORT(.fini_array.*))
 *(.fini_array)
 .fini_array    0x20000470        0x4 c:/program files (x86)/gnu tools arm embedded/4.9 2015q1/bin/../lib/gcc/arm-none-eabi/4.9.3/armv6-m/crtbegin.o
                0x20000474                PROVIDE (__fini_array_end, .)
 *(.jcr*)
 .jcr           0x20000474        0x0 c:/program files (x86)/gnu tools arm embedded/4.9 2015q1/bin/../lib/gcc/arm-none-eabi/4.9.3/armv6-m/crtbegin.o
 .jcr           0x20000474        0x4 c:/program files (x86)/gnu tools arm embedded/4.9 2015q1/bin/../lib/gcc/arm-none-eabi/4.9.3/armv6-m/crtend.o
                0x20000478                . = ALIGN (0x4)
                0x20000478                __data_end__ = .
                0x20000478                _edata = __data_end__

.igot.plt       0x20000478        0x0 load address 0x08007064
 .igot.plt      0x00000000        0x0 c:/program files (x86)/gnu tools arm embedded/4.9 2015q1/bin/../lib/gcc/arm-none-eabi/4.9.3/armv6-m/crtbegin.o

.bss            0x20000478      0x174 load address 0x08007064
                0x20000478                . = ALIGN (0x4)
                0x20000478                __bss_start__ = .
                0x20000478                _sbss = __bss_start__
 *(.bss*)
 .bss           0x20000478       0x1c c:/program files (x86)/gnu tools arm embedded/4.9 2015q1/bin/../lib/gcc/arm-none-eabi/4.9.3/armv6-m/crtbegin.o
 .bss           0x20000494       0x10 ..\obj\imu.o
                0x20000494                motionNew
                0x2000049c                motionOld
 .bss           0x200004a4        0x4 ..\obj\stm32l0xx_hal.o
 .bss           0x200004a8       0x18 ..\obj\stateMachine.o
                0x200004a8                CurrentState
                0x200004ac                autoPowerOffTimerTick
                0x200004b0                tipTempRawValue
                0x200004b4                readyToRunADC
                0x200004b5                blockPWM
                0x200004b8                pwmDriveValue
                0x200004bc                ledBlinkCounter
 *(COMMON)
 COMMON         0x200004c0       0x5d ..\obj\imu.o
                0x200004c0                spiData
                0x200004c6                IMUExists
                0x200004c8                hspi1
                0x2000051c                status
 *fill*         0x2000051d        0x3 
 COMMON         0x20000520       0xcc ..\obj\main.o
                0x20000520                htim6
                0x20000558                htim2
                0x20000590                hadc
                0x200005ec                . = ALIGN (0x4)
                0x200005ec                __bss_end__ = .
                0x200005ec                _ebss = __bss_end__

.heap           0x200005ec        0x0
                0x200005ec                __end__ = .
                0x200005ec                _end = __end__
                0x200005ec                end = __end__
 *(.heap*)
                0x200005ec                __HeapLimit = .

.co_stack       0x200005ec        0x4 load address 0x080071d8
                0x200005f0                . = ALIGN (0x8)
 *fill*         0x200005ec        0x4 
 *(.co_stack .co_stack.*)
                0x20002000                __StackTop = (ORIGIN (ram) + 0x2000)
                0x20001ffc                __StackLimit = (__StackTop - SIZEOF (.co_stack))
                0x20002000                PROVIDE (__stack, __StackTop)
                0x00000001                ASSERT ((__StackLimit >= __HeapLimit), region ram  overflowed with stack)
LOAD ..\obj\stm32l0xx_hal_tsc.o
LOAD ..\obj\stm32l0xx_hal_i2s.o
LOAD ..\obj\stm32l0xx_hal_pwr.o
LOAD ..\obj\stm32l0xx_hal_gpio.o
LOAD ..\obj\stm32l0xx_hal_wwdg.o
LOAD ..\obj\stm32l0xx_hal_tim.o
LOAD ..\obj\stm32l0xx_hal_smbus.o
LOAD ..\obj\stm32l0xx_hal_flash_ex.o
LOAD ..\obj\stm32l0xx_hal_smartcard_ex.o
LOAD ..\obj\stm32l0xx_hal_rng.o
LOAD ..\obj\imu.o
LOAD ..\obj\stm32l0xx_hal_crc.o
LOAD ..\obj\stm32l0xx_hal_rtc.o
LOAD ..\obj\stm32l0xx_hal_msp.o
LOAD ..\obj\stm32l0xx_hal.o
LOAD ..\obj\stm32l0xx_hal_i2c_ex.o
LOAD ..\obj\main.o
LOAD ..\obj\stm32l0xx_it.o
LOAD ..\obj\system_stm32l0xx.o
LOAD ..\obj\stm32l0xx_hal_irda.o
LOAD ..\obj\stm32l0xx_hal_flash.o
LOAD ..\obj\startup_stm32l051xx.o
LOAD ..\obj\stm32l0xx_hal_i2c.o
LOAD ..\obj\stm32l0xx_hal_pcd.o
LOAD ..\obj\stm32l0xx_hal_dma.o
LOAD ..\obj\stateMachine.o
LOAD ..\obj\stm32l0xx_hal_cryp_ex.o
LOAD ..\obj\leds.o
LOAD ..\obj\stm32l0xx_hal_iwdg.o
LOAD ..\obj\stm32l0xx_hal_smartcard.o
LOAD ..\obj\stm32l0xx_hal_flash_ramfunc.o
LOAD ..\obj\stm32l0xx_hal_comp.o
LOAD ..\obj\stm32l0xx_hal_rtc_ex.o
LOAD ..\obj\stm32l0xx_hal_uart_ex.o
LOAD ..\obj\stm32l0xx_hal_rcc.o
LOAD ..\obj\stm32l0xx_hal_pcd_ex.o
LOAD ..\obj\stm32l0xx_hal_dac_ex.o
LOAD ..\obj\stm32l0xx_hal_rcc_ex.o
LOAD ..\obj\stm32l0xx_hal_lcd.o
LOAD ..\obj\stm32l0xx_hal_usart.o
LOAD ..\obj\stm32l0xx_hal_adc_ex.o
LOAD ..\obj\stm32l0xx_hal_lptim.o
LOAD ..\obj\stm32l0xx_hal_uart.o
LOAD ..\obj\stm32l0xx_hal_spi.o
LOAD ..\obj\stm32l0xx_hal_cryp.o
LOAD ..\obj\stm32l0xx_hal_adc.o
LOAD ..\obj\stm32l0xx_hal_msp_template.o
LOAD ..\obj\stm32l0xx_hal_pwr_ex.o
LOAD ..\obj\stm32l0xx_hal_tim_ex.o
LOAD ..\obj\stm32l0xx_hal_dac.o
LOAD ..\obj\stm32l0xx_hal_cortex.o
LOAD ..\obj\stm32l0xx_hal_crc_ex.o
START GROUP
LOAD c:/program files (x86)/gnu tools arm embedded/4.9 2015q1/bin/../lib/gcc/arm-none-eabi/4.9.3/armv6-m\libgcc.a
LOAD c:/program files (x86)/gnu tools arm embedded/4.9 2015q1/bin/../lib/gcc/arm-none-eabi/4.9.3/../../../../arm-none-eabi/lib/armv6-m\libg.a
LOAD c:/program files (x86)/gnu tools arm embedded/4.9 2015q1/bin/../lib/gcc/arm-none-eabi/4.9.3/../../../../arm-none-eabi/lib/armv6-m\libc.a
END GROUP
LOAD c:/program files (x86)/gnu tools arm embedded/4.9 2015q1/bin/../lib/gcc/arm-none-eabi/4.9.3/armv6-m/crtend.o
LOAD c:/program files (x86)/gnu tools arm embedded/4.9 2015q1/bin/../lib/gcc/arm-none-eabi/4.9.3/armv6-m/crtn.o
OUTPUT(HotBit.elf elf32-littlearm)

.ARM.attributes
                0x00000000       0x28
 .ARM.attributes
                0x00000000       0x1e c:/program files (x86)/gnu tools arm embedded/4.9 2015q1/bin/../lib/gcc/arm-none-eabi/4.9.3/armv6-m/crti.o
 .ARM.attributes
                0x0000001e       0x2c c:/program files (x86)/gnu tools arm embedded/4.9 2015q1/bin/../lib/gcc/arm-none-eabi/4.9.3/armv6-m/crtbegin.o
 .ARM.attributes
                0x0000004a       0x32 ..\obj\stm32l0xx_hal_gpio.o
 .ARM.attributes
                0x0000007c       0x32 ..\obj\stm32l0xx_hal_tim.o
 .ARM.attributes
                0x000000ae       0x32 ..\obj\imu.o
 .ARM.attributes
                0x000000e0       0x32 ..\obj\stm32l0xx_hal_msp.o
 .ARM.attributes
                0x00000112       0x32 ..\obj\stm32l0xx_hal.o
 .ARM.attributes
                0x00000144       0x32 ..\obj\main.o
 .ARM.attributes
                0x00000176       0x32 ..\obj\stm32l0xx_it.o
 .ARM.attributes
                0x000001a8       0x32 ..\obj\system_stm32l0xx.o
 .ARM.attributes
                0x000001da       0x22 ..\obj\startup_stm32l051xx.o
 .ARM.attributes
                0x000001fc       0x32 ..\obj\stm32l0xx_hal_dma.o
 .ARM.attributes
                0x0000022e       0x32 ..\obj\stateMachine.o
 .ARM.attributes
                0x00000260       0x32 ..\obj\leds.o
 .ARM.attributes
                0x00000292       0x32 ..\obj\stm32l0xx_hal_rcc.o
 .ARM.attributes
                0x000002c4       0x32 ..\obj\stm32l0xx_hal_adc_ex.o
 .ARM.attributes
                0x000002f6       0x32 ..\obj\stm32l0xx_hal_spi.o
 .ARM.attributes
                0x00000328       0x32 ..\obj\stm32l0xx_hal_adc.o
 .ARM.attributes
                0x0000035a       0x32 ..\obj\stm32l0xx_hal_msp_template.o
 .ARM.attributes
                0x0000038c       0x32 ..\obj\stm32l0xx_hal_tim_ex.o
 .ARM.attributes
                0x000003be       0x32 ..\obj\stm32l0xx_hal_cortex.o
 .ARM.attributes
                0x000003f0       0x1e c:/program files (x86)/gnu tools arm embedded/4.9 2015q1/bin/../lib/gcc/arm-none-eabi/4.9.3/armv6-m\libgcc.a(_udivsi3.o)
 .ARM.attributes
                0x0000040e       0x1e c:/program files (x86)/gnu tools arm embedded/4.9 2015q1/bin/../lib/gcc/arm-none-eabi/4.9.3/armv6-m\libgcc.a(_dvmd_tls.o)
 .ARM.attributes
                0x0000042c       0x2c c:/program files (x86)/gnu tools arm embedded/4.9 2015q1/bin/../lib/gcc/arm-none-eabi/4.9.3/../../../../arm-none-eabi/lib/armv6-m\libg.a(lib_a-impure.o)
 .ARM.attributes
                0x00000458       0x2c c:/program files (x86)/gnu tools arm embedded/4.9 2015q1/bin/../lib/gcc/arm-none-eabi/4.9.3/../../../../arm-none-eabi/lib/armv6-m\libg.a(lib_a-init.o)
 .ARM.attributes
                0x00000484       0x2c c:/program files (x86)/gnu tools arm embedded/4.9 2015q1/bin/../lib/gcc/arm-none-eabi/4.9.3/../../../../arm-none-eabi/lib/armv6-m\libg.a(lib_a-__call_atexit.o)
 .ARM.attributes
                0x000004b0       0x2c c:/program files (x86)/gnu tools arm embedded/4.9 2015q1/bin/../lib/gcc/arm-none-eabi/4.9.3/../../../../arm-none-eabi/lib/armv6-m\libg.a(lib_a-atexit.o)
 .ARM.attributes
                0x000004dc       0x2c c:/program files (x86)/gnu tools arm embedded/4.9 2015q1/bin/../lib/gcc/arm-none-eabi/4.9.3/../../../../arm-none-eabi/lib/armv6-m\libg.a(lib_a-fini.o)
 .ARM.attributes
                0x00000508       0x2c c:/program files (x86)/gnu tools arm embedded/4.9 2015q1/bin/../lib/gcc/arm-none-eabi/4.9.3/../../../../arm-none-eabi/lib/armv6-m\libg.a(lib_a-__atexit.o)
 .ARM.attributes
                0x00000534       0x2c c:/program files (x86)/gnu tools arm embedded/4.9 2015q1/bin/../lib/gcc/arm-none-eabi/4.9.3/armv6-m/crtend.o
 .ARM.attributes
                0x00000560       0x1e c:/program files (x86)/gnu tools arm embedded/4.9 2015q1/bin/../lib/gcc/arm-none-eabi/4.9.3/armv6-m/crtn.o

.comment        0x00000000       0x70
 .comment       0x00000000       0x70 ..\obj\stm32l0xx_hal_gpio.o
                                 0x71 (size before relaxing)
 .comment       0x00000000       0x71 ..\obj\stm32l0xx_hal_tim.o
 .comment       0x00000000       0x71 ..\obj\imu.o
 .comment       0x00000000       0x71 ..\obj\stm32l0xx_hal_msp.o
 .comment       0x00000000       0x71 ..\obj\stm32l0xx_hal.o
 .comment       0x00000000       0x71 ..\obj\main.o
 .comment       0x00000000       0x71 ..\obj\stm32l0xx_it.o
 .comment       0x00000000       0x71 ..\obj\system_stm32l0xx.o
 .comment       0x00000000       0x71 ..\obj\stm32l0xx_hal_dma.o
 .comment       0x00000000       0x71 ..\obj\stateMachine.o
 .comment       0x00000000       0x71 ..\obj\leds.o
 .comment       0x00000000       0x71 ..\obj\stm32l0xx_hal_rcc.o
 .comment       0x00000000       0x71 ..\obj\stm32l0xx_hal_adc_ex.o
 .comment       0x00000000       0x71 ..\obj\stm32l0xx_hal_spi.o
 .comment       0x00000000       0x71 ..\obj\stm32l0xx_hal_adc.o
 .comment       0x00000000       0x71 ..\obj\stm32l0xx_hal_msp_template.o
 .comment       0x00000000       0x71 ..\obj\stm32l0xx_hal_tim_ex.o
 .comment       0x00000000       0x71 ..\obj\stm32l0xx_hal_cortex.o

.debug_info     0x00000000     0xd9a0
 .debug_info    0x00000000      0x630 ..\obj\stm32l0xx_hal_gpio.o
 .debug_info    0x00000630     0x2fff ..\obj\stm32l0xx_hal_tim.o
 .debug_info    0x0000362f      0x981 ..\obj\imu.o
 .debug_info    0x00003fb0      0xfc5 ..\obj\stm32l0xx_hal_msp.o
 .debug_info    0x00004f75      0x82d ..\obj\stm32l0xx_hal.o
 .debug_info    0x000057a2     0x1657 ..\obj\main.o
 .debug_info    0x00006df9      0xc8e ..\obj\stm32l0xx_it.o
 .debug_info    0x00007a87      0x344 ..\obj\system_stm32l0xx.o
 .debug_info    0x00007dcb       0xd3 ..\obj\startup_stm32l051xx.o
 .debug_info    0x00007e9e      0x627 ..\obj\stm32l0xx_hal_dma.o
 .debug_info    0x000084c5      0xe95 ..\obj\stateMachine.o
 .debug_info    0x0000935a      0x53f ..\obj\leds.o
 .debug_info    0x00009899      0xa5d ..\obj\stm32l0xx_hal_rcc.o
 .debug_info    0x0000a2f6      0x63d ..\obj\stm32l0xx_hal_adc_ex.o
 .debug_info    0x0000a933     0x1563 ..\obj\stm32l0xx_hal_spi.o
 .debug_info    0x0000be96      0xe44 ..\obj\stm32l0xx_hal_adc.o
 .debug_info    0x0000ccda       0xb3 ..\obj\stm32l0xx_hal_msp_template.o
 .debug_info    0x0000cd8d      0x562 ..\obj\stm32l0xx_hal_tim_ex.o
 .debug_info    0x0000d2ef      0x6b1 ..\obj\stm32l0xx_hal_cortex.o

.debug_abbrev   0x00000000     0x1f18
 .debug_abbrev  0x00000000      0x1b5 ..\obj\stm32l0xx_hal_gpio.o
 .debug_abbrev  0x000001b5      0x26b ..\obj\stm32l0xx_hal_tim.o
 .debug_abbrev  0x00000420      0x1c9 ..\obj\imu.o
 .debug_abbrev  0x000005e9      0x189 ..\obj\stm32l0xx_hal_msp.o
 .debug_abbrev  0x00000772      0x224 ..\obj\stm32l0xx_hal.o
 .debug_abbrev  0x00000996      0x23f ..\obj\main.o
 .debug_abbrev  0x00000bd5      0x187 ..\obj\stm32l0xx_it.o
 .debug_abbrev  0x00000d5c       0xee ..\obj\system_stm32l0xx.o
 .debug_abbrev  0x00000e4a       0x12 ..\obj\startup_stm32l051xx.o
 .debug_abbrev  0x00000e5c      0x1b7 ..\obj\stm32l0xx_hal_dma.o
 .debug_abbrev  0x00001013      0x1ee ..\obj\stateMachine.o
 .debug_abbrev  0x00001201      0x151 ..\obj\leds.o
 .debug_abbrev  0x00001352      0x26d ..\obj\stm32l0xx_hal_rcc.o
 .debug_abbrev  0x000015bf      0x12e ..\obj\stm32l0xx_hal_adc_ex.o
 .debug_abbrev  0x000016ed      0x276 ..\obj\stm32l0xx_hal_spi.o
 .debug_abbrev  0x00001963      0x213 ..\obj\stm32l0xx_hal_adc.o
 .debug_abbrev  0x00001b76       0x40 ..\obj\stm32l0xx_hal_msp_template.o
 .debug_abbrev  0x00001bb6      0x14a ..\obj\stm32l0xx_hal_tim_ex.o
 .debug_abbrev  0x00001d00      0x218 ..\obj\stm32l0xx_hal_cortex.o

.debug_loc      0x00000000     0x65db
 .debug_loc     0x00000000      0x3fb ..\obj\stm32l0xx_hal_gpio.o
 .debug_loc     0x000003fb     0x3741 ..\obj\stm32l0xx_hal_tim.o
 .debug_loc     0x00003b3c      0x10b ..\obj\imu.o
 .debug_loc     0x00003c47       0xf8 ..\obj\stm32l0xx_hal_msp.o
 .debug_loc     0x00003d3f       0xff ..\obj\stm32l0xx_hal.o
 .debug_loc     0x00003e3e      0x150 ..\obj\system_stm32l0xx.o
 .debug_loc     0x00003f8e      0x583 ..\obj\stm32l0xx_hal_dma.o
 .debug_loc     0x00004511       0x78 ..\obj\stateMachine.o
 .debug_loc     0x00004589       0x21 ..\obj\leds.o
 .debug_loc     0x000045aa      0x64e ..\obj\stm32l0xx_hal_rcc.o
 .debug_loc     0x00004bf8      0x1b3 ..\obj\stm32l0xx_hal_adc_ex.o
 .debug_loc     0x00004dab      0xdc6 ..\obj\stm32l0xx_hal_spi.o
 .debug_loc     0x00005b71      0x7c6 ..\obj\stm32l0xx_hal_adc.o
 .debug_loc     0x00006337       0x63 ..\obj\stm32l0xx_hal_tim_ex.o
 .debug_loc     0x0000639a      0x241 ..\obj\stm32l0xx_hal_cortex.o

.debug_aranges  0x00000000      0x268
 .debug_aranges
                0x00000000       0x20 ..\obj\stm32l0xx_hal_gpio.o
 .debug_aranges
                0x00000020       0x20 ..\obj\stm32l0xx_hal_tim.o
 .debug_aranges
                0x00000040       0x20 ..\obj\imu.o
 .debug_aranges
                0x00000060       0x20 ..\obj\stm32l0xx_hal_msp.o
 .debug_aranges
                0x00000080       0x20 ..\obj\stm32l0xx_hal.o
 .debug_aranges
                0x000000a0       0x20 ..\obj\main.o
 .debug_aranges
                0x000000c0       0x20 ..\obj\stm32l0xx_it.o
 .debug_aranges
                0x000000e0       0x20 ..\obj\system_stm32l0xx.o
 .debug_aranges
                0x00000100       0x28 ..\obj\startup_stm32l051xx.o
 .debug_aranges
                0x00000128       0x20 ..\obj\stm32l0xx_hal_dma.o
 .debug_aranges
                0x00000148       0x20 ..\obj\stateMachine.o
 .debug_aranges
                0x00000168       0x20 ..\obj\leds.o
 .debug_aranges
                0x00000188       0x20 ..\obj\stm32l0xx_hal_rcc.o
 .debug_aranges
                0x000001a8       0x20 ..\obj\stm32l0xx_hal_adc_ex.o
 .debug_aranges
                0x000001c8       0x20 ..\obj\stm32l0xx_hal_spi.o
 .debug_aranges
                0x000001e8       0x20 ..\obj\stm32l0xx_hal_adc.o
 .debug_aranges
                0x00000208       0x20 ..\obj\stm32l0xx_hal_msp_template.o
 .debug_aranges
                0x00000228       0x20 ..\obj\stm32l0xx_hal_tim_ex.o
 .debug_aranges
                0x00000248       0x20 ..\obj\stm32l0xx_hal_cortex.o

.debug_line     0x00000000     0x414a
 .debug_line    0x00000000      0x27f ..\obj\stm32l0xx_hal_gpio.o
 .debug_line    0x0000027f      0x9c9 ..\obj\stm32l0xx_hal_tim.o
 .debug_line    0x00000c48      0x245 ..\obj\imu.o
 .debug_line    0x00000e8d      0x282 ..\obj\stm32l0xx_hal_msp.o
 .debug_line    0x0000110f      0x2ce ..\obj\stm32l0xx_hal.o
 .debug_line    0x000013dd      0x365 ..\obj\main.o
 .debug_line    0x00001742      0x270 ..\obj\stm32l0xx_it.o
 .debug_line    0x000019b2      0x202 ..\obj\system_stm32l0xx.o
 .debug_line    0x00001bb4       0xd6 ..\obj\startup_stm32l051xx.o
 .debug_line    0x00001c8a      0x622 ..\obj\stm32l0xx_hal_dma.o
 .debug_line    0x000022ac      0x355 ..\obj\stateMachine.o
 .debug_line    0x00002601      0x1df ..\obj\leds.o
 .debug_line    0x000027e0      0x43a ..\obj\stm32l0xx_hal_rcc.o
 .debug_line    0x00002c1a      0x253 ..\obj\stm32l0xx_hal_adc_ex.o
 .debug_line    0x00002e6d      0x860 ..\obj\stm32l0xx_hal_spi.o
 .debug_line    0x000036cd      0x50c ..\obj\stm32l0xx_hal_adc.o
 .debug_line    0x00003bd9       0xb2 ..\obj\stm32l0xx_hal_msp_template.o
 .debug_line    0x00003c8b      0x22c ..\obj\stm32l0xx_hal_tim_ex.o
 .debug_line    0x00003eb7      0x293 ..\obj\stm32l0xx_hal_cortex.o

.debug_str      0x00000000     0x32fc
 .debug_str     0x00000000      0x3b2 ..\obj\stm32l0xx_hal_gpio.o
                                0x424 (size before relaxing)
 .debug_str     0x000003b2     0x103e ..\obj\stm32l0xx_hal_tim.o
                               0x122a (size before relaxing)
 .debug_str     0x000013f0      0x33c ..\obj\imu.o
                                0x70b (size before relaxing)
 .debug_str     0x0000172c      0x4cd ..\obj\stm32l0xx_hal_msp.o
                                0xd4a (size before relaxing)
 .debug_str     0x00001bf9      0x3a0 ..\obj\stm32l0xx_hal.o
                                0x744 (size before relaxing)
 .debug_str     0x00001f99      0x304 ..\obj\main.o
                               0x1111 (size before relaxing)
 .debug_str     0x0000229d       0xff ..\obj\stm32l0xx_it.o
                                0xc72 (size before relaxing)
 .debug_str     0x0000239c       0xf4 ..\obj\system_stm32l0xx.o
                                0x2c4 (size before relaxing)
 .debug_str     0x00002490      0x18b ..\obj\stm32l0xx_hal_dma.o
                                0x4dd (size before relaxing)
 .debug_str     0x0000261b      0x1c0 ..\obj\stateMachine.o
                                0xa65 (size before relaxing)
 .debug_str     0x000027db       0x35 ..\obj\leds.o
                                0x22e (size before relaxing)
 .debug_str     0x00002810      0x196 ..\obj\stm32l0xx_hal_rcc.o
                                0x66f (size before relaxing)
 .debug_str     0x000029a6       0xdd ..\obj\stm32l0xx_hal_adc_ex.o
                                0x6c7 (size before relaxing)
 .debug_str     0x00002a83      0x365 ..\obj\stm32l0xx_hal_spi.o
                                0x9c5 (size before relaxing)
 .debug_str     0x00002de8      0x282 ..\obj\stm32l0xx_hal_adc.o
                                0x995 (size before relaxing)
 .debug_str     0x0000306a       0x9d ..\obj\stm32l0xx_hal_msp_template.o
                                0x1b1 (size before relaxing)
 .debug_str     0x00003107       0x91 ..\obj\stm32l0xx_hal_tim_ex.o
                                0x5d0 (size before relaxing)
 .debug_str     0x00003198      0x164 ..\obj\stm32l0xx_hal_cortex.o
                                0x560 (size before relaxing)

.debug_frame    0x00000000     0x19d8
 .debug_frame   0x00000000       0xd0 ..\obj\stm32l0xx_hal_gpio.o
 .debug_frame   0x000000d0      0x868 ..\obj\stm32l0xx_hal_tim.o
 .debug_frame   0x00000938       0x94 ..\obj\imu.o
 .debug_frame   0x000009cc       0xa0 ..\obj\stm32l0xx_hal_msp.o
 .debug_frame   0x00000a6c      0x204 ..\obj\stm32l0xx_hal.o
 .debug_frame   0x00000c70       0x58 ..\obj\main.o
 .debug_frame   0x00000cc8       0xa0 ..\obj\stm32l0xx_it.o
 .debug_frame   0x00000d68       0x38 ..\obj\system_stm32l0xx.o
 .debug_frame   0x00000da0      0x100 ..\obj\stm32l0xx_hal_dma.o
 .debug_frame   0x00000ea0       0x80 ..\obj\stateMachine.o
 .debug_frame   0x00000f20       0x44 ..\obj\leds.o
 .debug_frame   0x00000f64      0x148 ..\obj\stm32l0xx_hal_rcc.o
 .debug_frame   0x000010ac       0x58 ..\obj\stm32l0xx_hal_adc_ex.o
 .debug_frame   0x00001104      0x398 ..\obj\stm32l0xx_hal_spi.o
 .debug_frame   0x0000149c      0x298 ..\obj\stm32l0xx_hal_adc.o
 .debug_frame   0x00001734       0x50 ..\obj\stm32l0xx_hal_msp_template.o
 .debug_frame   0x00001784       0x50 ..\obj\stm32l0xx_hal_tim_ex.o
 .debug_frame   0x000017d4       0xd4 ..\obj\stm32l0xx_hal_cortex.o
 .debug_frame   0x000018a8       0x20 c:/program files (x86)/gnu tools arm embedded/4.9 2015q1/bin/../lib/gcc/arm-none-eabi/4.9.3/armv6-m\libgcc.a(_udivsi3.o)
 .debug_frame   0x000018c8       0x2c c:/program files (x86)/gnu tools arm embedded/4.9 2015q1/bin/../lib/gcc/arm-none-eabi/4.9.3/../../../../arm-none-eabi/lib/armv6-m\libg.a(lib_a-init.o)
 .debug_frame   0x000018f4       0x54 c:/program files (x86)/gnu tools arm embedded/4.9 2015q1/bin/../lib/gcc/arm-none-eabi/4.9.3/../../../../arm-none-eabi/lib/armv6-m\libg.a(lib_a-__call_atexit.o)
 .debug_frame   0x00001948       0x28 c:/program files (x86)/gnu tools arm embedded/4.9 2015q1/bin/../lib/gcc/arm-none-eabi/4.9.3/../../../../arm-none-eabi/lib/armv6-m\libg.a(lib_a-atexit.o)
 .debug_frame   0x00001970       0x2c c:/program files (x86)/gnu tools arm embedded/4.9 2015q1/bin/../lib/gcc/arm-none-eabi/4.9.3/../../../../arm-none-eabi/lib/armv6-m\libg.a(lib_a-fini.o)
 .debug_frame   0x0000199c       0x3c c:/program files (x86)/gnu tools arm embedded/4.9 2015q1/bin/../lib/gcc/arm-none-eabi/4.9.3/../../../../arm-none-eabi/lib/armv6-m\libg.a(lib_a-__atexit.o)

.debug_ranges   0x00000000       0x20
 .debug_ranges  0x00000000       0x20 ..\obj\startup_stm32l051xx.o
