Archive member included because of file (symbol)

c:/program files (x86)/gnu tools arm embedded/4.9 2015q1/bin/../lib/gcc/arm-none-eabi/4.9.3/armv6-m\libgcc.a(_udivsi3.o)
                              ..\obj\stm32l0xx_hal_i2s.o (__aeabi_uidiv)
c:/program files (x86)/gnu tools arm embedded/4.9 2015q1/bin/../lib/gcc/arm-none-eabi/4.9.3/armv6-m\libgcc.a(_dvmd_tls.o)
                              c:/program files (x86)/gnu tools arm embedded/4.9 2015q1/bin/../lib/gcc/arm-none-eabi/4.9.3/armv6-m\libgcc.a(_udivsi3.o) (__aeabi_idiv0)
c:/program files (x86)/gnu tools arm embedded/4.9 2015q1/bin/../lib/gcc/arm-none-eabi/4.9.3/armv6-m\libgcc.a(_arm_cmpsf2.o)
                              ..\obj\pid.o (__aeabi_fcmplt)
c:/program files (x86)/gnu tools arm embedded/4.9 2015q1/bin/../lib/gcc/arm-none-eabi/4.9.3/armv6-m\libgcc.a(_fixunssfsi.o)
                              ..\obj\pid.o (__aeabi_f2uiz)
c:/program files (x86)/gnu tools arm embedded/4.9 2015q1/bin/../lib/gcc/arm-none-eabi/4.9.3/armv6-m\libgcc.a(addsf3.o)
                              ..\obj\pid.o (__aeabi_fadd)
c:/program files (x86)/gnu tools arm embedded/4.9 2015q1/bin/../lib/gcc/arm-none-eabi/4.9.3/armv6-m\libgcc.a(eqsf2.o)
                              c:/program files (x86)/gnu tools arm embedded/4.9 2015q1/bin/../lib/gcc/arm-none-eabi/4.9.3/armv6-m\libgcc.a(_arm_cmpsf2.o) (__eqsf2)
c:/program files (x86)/gnu tools arm embedded/4.9 2015q1/bin/../lib/gcc/arm-none-eabi/4.9.3/armv6-m\libgcc.a(gesf2.o)
                              c:/program files (x86)/gnu tools arm embedded/4.9 2015q1/bin/../lib/gcc/arm-none-eabi/4.9.3/armv6-m\libgcc.a(_arm_cmpsf2.o) (__gesf2)
c:/program files (x86)/gnu tools arm embedded/4.9 2015q1/bin/../lib/gcc/arm-none-eabi/4.9.3/armv6-m\libgcc.a(lesf2.o)
                              c:/program files (x86)/gnu tools arm embedded/4.9 2015q1/bin/../lib/gcc/arm-none-eabi/4.9.3/armv6-m\libgcc.a(_arm_cmpsf2.o) (__lesf2)
c:/program files (x86)/gnu tools arm embedded/4.9 2015q1/bin/../lib/gcc/arm-none-eabi/4.9.3/armv6-m\libgcc.a(subsf3.o)
                              ..\obj\pid.o (__aeabi_fsub)
c:/program files (x86)/gnu tools arm embedded/4.9 2015q1/bin/../lib/gcc/arm-none-eabi/4.9.3/armv6-m\libgcc.a(fixsfsi.o)
                              c:/program files (x86)/gnu tools arm embedded/4.9 2015q1/bin/../lib/gcc/arm-none-eabi/4.9.3/armv6-m\libgcc.a(_fixunssfsi.o) (__aeabi_f2iz)
c:/program files (x86)/gnu tools arm embedded/4.9 2015q1/bin/../lib/gcc/arm-none-eabi/4.9.3/armv6-m\libgcc.a(floatunsisf.o)
                              ..\obj\pid.o (__aeabi_ui2f)
c:/program files (x86)/gnu tools arm embedded/4.9 2015q1/bin/../lib/gcc/arm-none-eabi/4.9.3/armv6-m\libgcc.a(muldf3.o)
                              ..\obj\pid.o (__aeabi_dmul)
c:/program files (x86)/gnu tools arm embedded/4.9 2015q1/bin/../lib/gcc/arm-none-eabi/4.9.3/armv6-m\libgcc.a(extendsfdf2.o)
                              ..\obj\pid.o (__aeabi_f2d)
c:/program files (x86)/gnu tools arm embedded/4.9 2015q1/bin/../lib/gcc/arm-none-eabi/4.9.3/armv6-m\libgcc.a(truncdfsf2.o)
                              ..\obj\pid.o (__aeabi_d2f)
c:/program files (x86)/gnu tools arm embedded/4.9 2015q1/bin/../lib/gcc/arm-none-eabi/4.9.3/armv6-m\libgcc.a(_clzsi2.o)
                              c:/program files (x86)/gnu tools arm embedded/4.9 2015q1/bin/../lib/gcc/arm-none-eabi/4.9.3/armv6-m\libgcc.a(addsf3.o) (__clzsi2)
c:/program files (x86)/gnu tools arm embedded/4.9 2015q1/bin/../lib/gcc/arm-none-eabi/4.9.3/../../../../arm-none-eabi/lib/armv6-m\libg.a(lib_a-exit.o)
                              c:/program files (x86)/gnu tools arm embedded/4.9 2015q1/bin/../lib/gcc/arm-none-eabi/4.9.3/../../../../arm-none-eabi/lib/armv6-m/crt0.o (exit)
c:/program files (x86)/gnu tools arm embedded/4.9 2015q1/bin/../lib/gcc/arm-none-eabi/4.9.3/../../../../arm-none-eabi/lib/armv6-m\libg.a(lib_a-impure.o)
                              c:/program files (x86)/gnu tools arm embedded/4.9 2015q1/bin/../lib/gcc/arm-none-eabi/4.9.3/../../../../arm-none-eabi/lib/armv6-m\libg.a(lib_a-exit.o) (_global_impure_ptr)
c:/program files (x86)/gnu tools arm embedded/4.9 2015q1/bin/../lib/gcc/arm-none-eabi/4.9.3/../../../../arm-none-eabi/lib/armv6-m\libg.a(lib_a-init.o)
                              c:/program files (x86)/gnu tools arm embedded/4.9 2015q1/bin/../lib/gcc/arm-none-eabi/4.9.3/../../../../arm-none-eabi/lib/armv6-m/crt0.o (__libc_init_array)
c:/program files (x86)/gnu tools arm embedded/4.9 2015q1/bin/../lib/gcc/arm-none-eabi/4.9.3/../../../../arm-none-eabi/lib/armv6-m\libg.a(lib_a-memset.o)
                              c:/program files (x86)/gnu tools arm embedded/4.9 2015q1/bin/../lib/gcc/arm-none-eabi/4.9.3/../../../../arm-none-eabi/lib/armv6-m/crt0.o (memset)
c:/program files (x86)/gnu tools arm embedded/4.9 2015q1/bin/../lib/gcc/arm-none-eabi/4.9.3/../../../../arm-none-eabi/lib/armv6-m\libg.a(lib_a-__call_atexit.o)
[...]
Memory Configuration

Name             Origin             Length             Attributes
rom              0x08000000         0x00008000         xr
ram              0x20000000         0x00002000         xrw
*default*        0x00000000         0xffffffff

Linker script and memory map

LOAD c:/program files (x86)/gnu tools arm embedded/4.9 2015q1/bin/../lib/gcc/arm-none-eabi/4.9.3/armv6-m/crti.o
LOAD c:/program files (x86)/gnu tools arm embedded/4.9 2015q1/bin/../lib/gcc/arm-none-eabi/4.9.3/armv6-m/crtbegin.o
LOAD c:/program files (x86)/gnu tools arm embedded/4.9 2015q1/bin/../lib/gcc/arm-none-eabi/4.9.3/../../../../arm-none-eabi/lib/armv6-m/crt0.o
                0x20002000                _eram = 0x20002000

.text           0x08000000     0x7cd8
 *(.isr_vector)
 .isr_vector    0x08000000       0xc0 ..\obj\startup_stm32l051xx.o
                0x08000000                g_pfnVectors
 *(.text*)
 .text          0x080000c0       0x60 c:/program files (x86)/gnu tools arm embedded/4.9 2015q1/bin/../lib/gcc/arm-none-eabi/4.9.3/armv6-m/crtbegin.o
 .text          0x08000120      0x308 ..\obj\stm32l0xx_hal_gpio.o
                0x08000120                HAL_GPIO_Init
                0x080002f4                HAL_GPIO_DeInit
                0x080003c0                HAL_GPIO_ReadPin
                0x080003cc                HAL_GPIO_WritePin
                0x080003d8                HAL_GPIO_TogglePin
                0x080003e0                HAL_GPIO_LockPin
                0x08000410                HAL_GPIO_EXTI_IRQHandler
 .text          0x08000428     0x1dc8 ..\obj\stm32l0xx_hal_tim.o
                0x08000540                HAL_TIM_Base_Init
                0x08000570                HAL_TIM_OC_MspInit
                0x08000574                HAL_TIM_OC_Init
                0x080005a4                HAL_TIM_PWM_MspInit
                0x080005a8                HAL_TIM_PWM_Init
                0x080005d8                HAL_TIM_IC_MspInit
                0x080005dc                HAL_TIM_IC_Init
                0x0800060c                HAL_TIM_OnePulse_MspInit
                0x08000610                HAL_TIM_OnePulse_Init
                0x08000654                HAL_TIM_Encoder_MspInit
                0x08000658                HAL_TIM_Encoder_Init
                0x080006f0                HAL_TIM_Base_DeInit
                0x08000724                HAL_TIM_OC_MspDeInit
                0x08000728                HAL_TIM_OC_DeInit
                0x0800075c                HAL_TIM_PWM_MspDeInit
                0x08000760                HAL_TIM_PWM_DeInit
                0x08000794                HAL_TIM_IC_MspDeInit
                0x08000798                HAL_TIM_IC_DeInit
                0x080007cc                HAL_TIM_OnePulse_MspDeInit
                0x080007d0                HAL_TIM_OnePulse_DeInit
                0x08000804                HAL_TIM_Encoder_MspDeInit
                0x08000808                HAL_TIM_Encoder_DeInit
                0x0800083c                HAL_TIM_Base_Start
                0x08000854                HAL_TIM_Base_Stop
                0x0800087c                HAL_TIM_Base_Start_IT
                0x08000894                HAL_TIM_Base_Stop_IT
                0x080008b8                HAL_TIM_Base_Start_DMA
                0x0800091c                HAL_TIM_Base_Stop_DMA
                0x0800094c                HAL_TIM_OC_Start
                0x08000968                HAL_TIM_OC_Stop
                0x08000990                HAL_TIM_OC_Start_IT
                0x080009f0                HAL_TIM_OC_Stop_IT
                0x08000a5c                HAL_TIM_OC_Start_DMA
                0x08000b54                HAL_TIM_OC_Stop_DMA
                0x08000bd4                HAL_TIM_PWM_Start
                0x08000bf0                HAL_TIM_PWM_Stop
                0x08000c1c                HAL_TIM_PWM_Start_IT
                0x08000c7c                HAL_TIM_PWM_Stop_IT
                0x08000ce8                HAL_TIM_PWM_Start_DMA
                0x08000de0                HAL_TIM_PWM_Stop_DMA
                0x08000e60                HAL_TIM_IC_Start
                0x08000e7c                HAL_TIM_IC_Stop
                0x08000ea4                HAL_TIM_IC_Start_IT
                0x08000f04                HAL_TIM_IC_Stop_IT
                0x08000f70                HAL_TIM_IC_Start_DMA
                0x0800105c                HAL_TIM_IC_Stop_DMA
                0x080010dc                HAL_TIM_OnePulse_Start
                0x080010f8                HAL_TIM_OnePulse_Stop
                0x0800112c                HAL_TIM_OnePulse_Start_IT
                0x0800115c                HAL_TIM_OnePulse_Stop_IT
                0x080011a4                HAL_TIM_Encoder_Start
                0x080011ec                HAL_TIM_Encoder_Stop
                0x08001240                HAL_TIM_Encoder_Start_IT
                0x080012b0                HAL_TIM_Encoder_Stop_IT
                0x0800132c                HAL_TIM_Encoder_Start_DMA
                0x08001460                HAL_TIM_Encoder_Stop_DMA
                0x080014e4                HAL_TIM_OC_ConfigChannel
                0x080015a4                HAL_TIM_IC_ConfigChannel
                0x08001708                HAL_TIM_PWM_ConfigChannel
                0x08001854                HAL_TIM_OnePulse_ConfigChannel
                0x08001970                HAL_TIM_DMABurst_WriteStart
                0x08001ac0                HAL_TIM_DMABurst_WriteStop
                0x08001acc                HAL_TIM_DMABurst_ReadStart
                0x08001c1c                HAL_TIM_DMABurst_ReadStop
                0x08001c28                HAL_TIM_GenerateEvent
                0x08001c4c                HAL_TIM_ConfigOCrefClear
                0x08001d2c                HAL_TIM_ConfigClockSource
                0x08001ef0                HAL_TIM_ConfigTI1Input
                0x08001f00                HAL_TIM_SlaveConfigSynchronization
                0x08001fec                HAL_TIM_ReadCapturedValue
                0x0800204c                HAL_TIM_OC_DelayElapsedCallback
                0x08002050                HAL_TIM_IC_CaptureCallback
                0x08002054                HAL_TIM_DMACaptureCplt
                0x08002064                HAL_TIM_PWM_PulseFinishedCallback
                0x08002068                HAL_TIM_DMADelayPulseCplt
                0x08002078                HAL_TIM_TriggerCallback
                0x0800208c                HAL_TIM_ErrorCallback
                0x08002090                HAL_TIM_DMAError
                0x080020a0                HAL_TIM_Base_GetState
                0x080020a8                HAL_TIM_OC_GetState
                0x080020b0                HAL_TIM_PWM_GetState
                0x080020b8                HAL_TIM_IC_GetState
                0x080020c0                HAL_TIM_OnePulse_GetState
                0x080020c8                HAL_TIM_Encoder_GetState
                0x080020d0                HAL_TIM_IRQHandler
 .text          0x080021f0      0x1e4 ..\obj\imu.o
                0x080021f0                IMUReadBytes
                0x08002258                checkForMovement
                0x08002338                IMUWriteByte
                0x08002378                startIMU
                0x080023b4                stopIMU
 .text          0x080023d4       0xa8 ..\obj\pid.o
                0x080023d4                Controller
 .text          0x0800247c      0x1a8 ..\obj\stm32l0xx_hal_msp.o
                0x0800247c                HAL_ADC_MspInit
                0x080024c8                HAL_ADC_MspDeInit
                0x080024fc                HAL_SPI_MspInit
                0x0800254c                HAL_SPI_MspDeInit
                0x08002580                HAL_TIM_Base_MspInit
                0x080025e0                HAL_TIM_Base_MspDeInit
 .text          0x08002624      0x29c ..\obj\stm32l0xx_hal.o
                0x0800262c                HAL_DeInit
                0x08002654                HAL_InitTick
                0x08002678                HAL_Init
                0x080026a0                HAL_IncTick
                0x080026b0                HAL_GetTick
                0x080026bc                HAL_Delay
                0x080026d8                HAL_SuspendTick
                0x080026e8                HAL_ResumeTick
                0x080026f8                HAL_GetHalVersion
                0x08002700                HAL_GetREVID
                0x0800270c                HAL_GetDEVID
                0x0800271c                HAL_EnableDBGSleepMode
                0x0800272c                HAL_DisableDBGSleepMode
                0x0800273c                HAL_EnableDBGStopMode
                0x0800274c                HAL_DisableDBGStopMode
                0x0800275c                HAL_EnableDBGStandbyMode
                0x0800276c                HAL_DisableDBGStandbyMode
                0x0800277c                HAL_DBG_LowPowerConfig
                0x08002798                HAL_GetBootMode
                0x080027a8                HAL_I2CFastModePlusConfig
                0x080027c4                HAL_VREFINT_Cmd
                0x080027e4                HAL_VREFINT_OutputSelect
                0x080027fc                HAL_ADC_EnableBuffer_Cmd
                0x08002824                HAL_ADC_EnableBufferSensor_Cmd
                0x0800284c                HAL_COMP_EnableBuffer_Cmd
                0x08002874                HAL_RC48_EnableBuffer_Cmd
                0x0800289c                HAL_Lock_Cmd
 .text          0x080028c0      0x298 ..\obj\main.o
                0x080028c0                SystemClock_Config
                0x0800291c                main
 .text          0x08002b58       0x6c ..\obj\stm32l0xx_it.o
                0x08002b58                TIM6_IRQHandler
                0x08002b6c                EXTI4_15_IRQHandler
                0x08002b80                SysTick_Handler
                0x08002b8c                ADC1_COMP_IRQHandler
                0x08002ba0                SPI1_IRQHandler
                0x08002bb4                EXTI0_1_IRQHandler
 .text          0x08002bc4      0x11c ..\obj\system_stm32l0xx.o
                0x08002bc4                SystemInit
                0x08002c20                SystemCoreClockUpdate
 .text.Reset_Handler
                0x08002ce0       0x50 ..\obj\startup_stm32l051xx.o
                0x08002ce0                Reset_Handler
 .text.Default_Handler
                0x08002d30        0x2 ..\obj\startup_stm32l051xx.o
                0x08002d30                DebugMon_Handler
                0x08002d30                HardFault_Handler
                0x08002d30                PVD_IRQHandler
                0x08002d30                PendSV_Handler
                0x08002d30                NMI_Handler
                0x08002d30                I2C1_IRQHandler
                0x08002d30                EXTI2_3_IRQHandler
                0x08002d30                I2C2_IRQHandler
                0x08002d30                RTC_IRQHandler
                0x08002d30                DMA1_Channel4_5_6_7_IRQHandler
                0x08002d30                RCC_IRQHandler
                0x08002d30                DMA1_Channel1_IRQHandler
                0x08002d30                Default_Handler
                0x08002d30                TIM22_IRQHandler
                0x08002d30                SPI2_IRQHandler
                0x08002d30                SVC_Handler
                0x08002d30                TIM21_IRQHandler
                0x08002d30                WWDG_IRQHandler
                0x08002d30                LPUART1_IRQHandler
                0x08002d30                TIM2_IRQHandler
                0x08002d30                DMA1_Channel2_3_IRQHandler
                0x08002d30                USART2_IRQHandler
                0x08002d30                FLASH_IRQHandler
                0x08002d30                USART1_IRQHandler
                0x08002d30                LPTIM1_IRQHandler
 *fill*         0x08002d32        0x2 
 .text          0x08002d34      0xb88 ..\obj\stm32l0xx_hal_dma.o
                0x08002d34                HAL_DMA_Init
                0x08002e70                HAL_DMA_DeInit
                0x080030a4                HAL_DMA_Start
                0x080030f0                HAL_DMA_Start_IT
                0x0800315c                HAL_DMA_Abort
                0x080031b4                HAL_DMA_PollForTransfer
                0x08003440                HAL_DMA_IRQHandler
                0x080038b0                HAL_DMA_GetState
                0x080038b8                HAL_DMA_GetError
 .text          0x080038bc      0x3dc ..\obj\stateMachine.o
                0x080038bc                HAL_GPIO_EXTI_Callback
                0x0800397c                startTipTempMeasurement
                0x080039bc                HAL_TIM_PeriodElapsedCallback
                0x08003a40                basicController
                0x08003a80                stateMachine
 .text          0x08003c98      0x160 ..\obj\leds.o
                0x08003c98                setLED
                0x08003da4                clearLEDs
 .text          0x08003df8      0xaa0 ..\obj\stm32l0xx_hal_rcc.o
                0x08003df8                HAL_RCC_DeInit
                0x08003e28                HAL_RCC_OscConfig
                0x08004348                HAL_RCC_ClockConfig
                0x080045f4                HAL_RCC_MCOConfig
                0x0800464c                HAL_RCC_EnableCSS
                0x08004660                HAL_RCC_GetSysClockFreq
                0x080046e0                HAL_RCC_GetHCLKFreq
                0x0800470c                HAL_RCC_GetPCLK1Freq
                0x08004730                HAL_RCC_GetPCLK2Freq
                0x08004754                HAL_RCC_GetOscConfig
                0x08004834                HAL_RCC_GetClockConfig
                0x08004878                HAL_RCC_CCSCallback
                0x0800487c                HAL_RCC_NMI_IRQHandler
 .text          0x08004898      0x128 ..\obj\stm32l0xx_hal_adc_ex.o
                0x08004898                HAL_ADCEx_Calibration_Start
                0x0800495c                HAL_ADCEx_Calibration_GetValue
                0x08004968                HAL_ADCEx_Calibration_SetValue
 .text          0x080049c0     0x1498 ..\obj\stm32l0xx_hal_spi.o
                0x08004ab4                HAL_SPI_Init
                0x08004b3c                HAL_SPI_DeInit
                0x08004b6c                HAL_SPI_Transmit
                0x08004d34                HAL_SPI_TransmitReceive
                0x08005098                HAL_SPI_Receive
                0x080052ec                HAL_SPI_Transmit_IT
                0x080053ac                HAL_SPI_TransmitReceive_IT
                0x08005470                HAL_SPI_Receive_IT
                0x08005544                HAL_SPI_Transmit_DMA
                0x08005614                HAL_SPI_TransmitReceive_DMA
                0x08005738                HAL_SPI_Receive_DMA
                0x08005830                HAL_SPI_DMAPause
                0x0800585c                HAL_SPI_DMAResume
                0x08005888                HAL_SPI_DMAStop
                0x080058bc                HAL_SPI_TxCpltCallback
                0x080058c0                HAL_SPI_RxCpltCallback
                0x080058c4                HAL_SPI_TxRxCpltCallback
                0x080058c8                HAL_SPI_TxHalfCpltCallback
                0x080058d8                HAL_SPI_RxHalfCpltCallback
                0x080058e8                HAL_SPI_TxRxHalfCpltCallback
                0x080058f8                HAL_SPI_ErrorCallback
                0x08005d9c                HAL_SPI_IRQHandler
                0x08005e48                HAL_SPI_GetState
                0x08005e50                HAL_SPI_GetError
 .text          0x08005e58      0x914 ..\obj\stm32l0xx_hal_adc.o
                0x08005fb4                HAL_ADC_Init
                0x0800618c                HAL_ADC_DeInit
                0x08006270                HAL_ADC_Start
                0x080062ac                HAL_ADC_Stop
                0x080062f0                HAL_ADC_PollForConversion
                0x08006348                HAL_ADC_PollForEvent
                0x080063a4                HAL_ADC_Start_IT
                0x08006420                HAL_ADC_Stop_IT
                0x08006470                HAL_ADC_Start_DMA
                0x080064f0                HAL_ADC_Stop_DMA
                0x08006560                HAL_ADC_GetValue
                0x08006568                HAL_ADC_ConvCpltCallback
                0x0800657c                HAL_ADC_ConvHalfCpltCallback
                0x0800658c                HAL_ADC_LevelOutOfWindowCallback
                0x08006590                HAL_ADC_ErrorCallback
                0x08006594                HAL_ADC_IRQHandler
                0x08006664                HAL_ADC_ConfigChannel
                0x080066cc                HAL_ADC_AnalogWDGConfig
                0x08006760                HAL_ADC_GetState
                0x08006768                HAL_ADC_GetError
 .text          0x0800676c       0x10 ..\obj\stm32l0xx_hal_msp_template.o
                0x0800676c                HAL_MspInit
                0x08006770                HAL_MspDeInit
                0x08006774                HAL_PPP_MspInit
                0x08006778                HAL_PPP_MspDeInit
 .text          0x0800677c       0x7c ..\obj\stm32l0xx_hal_tim_ex.o
                0x0800677c                HAL_TIMEx_MasterConfigSynchronization
                0x080067c4                HAL_TIMEx_RemapConfig
 .text          0x080067f8      0x164 ..\obj\stm32l0xx_hal_cortex.o
                0x080067f8                HAL_NVIC_SetPriority
                0x08006860                HAL_NVIC_EnableIRQ
                0x08006874                HAL_NVIC_DisableIRQ
                0x0800688c                HAL_NVIC_SystemReset
                0x080068a4                HAL_SYSTICK_Config
                0x080068dc                HAL_NVIC_SetPendingIRQ
                0x080068f4                HAL_NVIC_GetPendingIRQ
                0x08006918                HAL_NVIC_ClearPendingIRQ
                0x08006930                HAL_SYSTICK_CLKSourceConfig
                0x08006950                HAL_SYSTICK_Callback
                0x08006954                HAL_SYSTICK_IRQHandler
 .text          0x0800695c      0x120 c:/program files (x86)/gnu tools arm embedded/4.9 2015q1/bin/../lib/gcc/arm-none-eabi/4.9.3/armv6-m\libgcc.a(_udivsi3.o)
                0x0800695c                __aeabi_uidiv
                0x0800695c                __udivsi3
                0x08006a68                __aeabi_uidivmod
 .text          0x08006a7c        0x4 c:/program files (x86)/gnu tools arm embedded/4.9 2015q1/bin/../lib/gcc/arm-none-eabi/4.9.3/armv6-m\libgcc.a(_dvmd_tls.o)
                0x08006a7c                __aeabi_idiv0
                0x08006a7c                __aeabi_ldiv0
 .text          0x08006a80       0x74 c:/program files (x86)/gnu tools arm embedded/4.9 2015q1/bin/../lib/gcc/arm-none-eabi/4.9.3/armv6-m\libgcc.a(_arm_cmpsf2.o)
                0x08006a80                __aeabi_cfrcmple
                0x08006a88                __aeabi_cfcmpeq
                0x08006a88                __aeabi_cfcmple
                0x08006a98                __aeabi_fcmpeq
                0x08006aa4                __aeabi_fcmplt
                0x08006ab8                __aeabi_fcmple
                0x08006acc                __aeabi_fcmpgt
                0x08006ae0                __aeabi_fcmpge
 .text          0x08006af4       0x30 c:/program files (x86)/gnu tools arm embedded/4.9 2015q1/bin/../lib/gcc/arm-none-eabi/4.9.3/armv6-m\libgcc.a(_fixunssfsi.o)
                0x08006af4                __fixunssfsi
                0x08006af4                __aeabi_f2uiz
 .text          0x08006b24      0x2f8 c:/program files (x86)/gnu tools arm embedded/4.9 2015q1/bin/../lib/gcc/arm-none-eabi/4.9.3/armv6-m\libgcc.a(addsf3.o)
                0x08006b24                __aeabi_fadd
 .text          0x08006e1c       0x54 c:/program files (x86)/gnu tools arm embedded/4.9 2015q1/bin/../lib/gcc/arm-none-eabi/4.9.3/armv6-m\libgcc.a(eqsf2.o)
                0x08006e1c                __eqsf2
                0x08006e1c                __nesf2
 .text          0x08006e70       0x94 c:/program files (x86)/gnu tools arm embedded/4.9 2015q1/bin/../lib/gcc/arm-none-eabi/4.9.3/armv6-m\libgcc.a(gesf2.o)
                0x08006e70                __gesf2
                0x08006e70                __gtsf2
 .text          0x08006f04       0x8c c:/program files (x86)/gnu tools arm embedded/4.9 2015q1/bin/../lib/gcc/arm-none-eabi/4.9.3/armv6-m\libgcc.a(lesf2.o)
                0x08006f04                __ltsf2
                0x08006f04                __lesf2
 .text          0x08006f90      0x2fc c:/program files (x86)/gnu tools arm embedded/4.9 2015q1/bin/../lib/gcc/arm-none-eabi/4.9.3/armv6-m\libgcc.a(subsf3.o)
                0x08006f90                __aeabi_fsub
 .text          0x0800728c       0x40 c:/program files (x86)/gnu tools arm embedded/4.9 2015q1/bin/../lib/gcc/arm-none-eabi/4.9.3/armv6-m\libgcc.a(fixsfsi.o)
                0x0800728c                __aeabi_f2iz
 .text          0x080072cc       0x90 c:/program files (x86)/gnu tools arm embedded/4.9 2015q1/bin/../lib/gcc/arm-none-eabi/4.9.3/armv6-m\libgcc.a(floatunsisf.o)
                0x080072cc                __aeabi_ui2f
 .text          0x0800735c      0x534 c:/program files (x86)/gnu tools arm embedded/4.9 2015q1/bin/../lib/gcc/arm-none-eabi/4.9.3/armv6-m\libgcc.a(muldf3.o)
                0x0800735c                __aeabi_dmul
 .text          0x08007890       0xa8 c:/program files (x86)/gnu tools arm embedded/4.9 2015q1/bin/../lib/gcc/arm-none-eabi/4.9.3/armv6-m\libgcc.a(extendsfdf2.o)
                0x08007890                __aeabi_f2d
 .text          0x08007938      0x120 c:/program files (x86)/gnu tools arm embedded/4.9 2015q1/bin/../lib/gcc/arm-none-eabi/4.9.3/armv6-m\libgcc.a(truncdfsf2.o)
                0x08007938                __aeabi_d2f
 .text          0x08007a58       0x3c c:/program files (x86)/gnu tools arm embedded/4.9 2015q1/bin/../lib/gcc/arm-none-eabi/4.9.3/armv6-m\libgcc.a(_clzsi2.o)
                0x08007a58                __clzsi2
 .text.__libc_init_array
                0x08007a94       0x48 c:/program files (x86)/gnu tools arm embedded/4.9 2015q1/bin/../lib/gcc/arm-none-eabi/4.9.3/../../../../arm-none-eabi/lib/armv6-m\libg.a(lib_a-init.o)
                0x08007a94                __libc_init_array
 .text.startup.register_fini
                0x08007adc       0x18 c:/program files (x86)/gnu tools arm embedded/4.9 2015q1/bin/../lib/gcc/arm-none-eabi/4.9.3/../../../../arm-none-eabi/lib/armv6-m\libg.a(lib_a-__call_atexit.o)
 .text.atexit   0x08007af4       0x10 c:/program files (x86)/gnu tools arm embedded/4.9 2015q1/bin/../lib/gcc/arm-none-eabi/4.9.3/../../../../arm-none-eabi/lib/armv6-m\libg.a(lib_a-atexit.o)
                0x08007af4                atexit
 .text.__libc_fini_array
                0x08007b04       0x34 c:/program files (x86)/gnu tools arm embedded/4.9 2015q1/bin/../lib/gcc/arm-none-eabi/4.9.3/../../../../arm-none-eabi/lib/armv6-m\libg.a(lib_a-fini.o)
                0x08007b04                __libc_fini_array
 .text.__register_exitproc
                0x08007b38       0xd4 c:/program files (x86)/gnu tools arm embedded/4.9 2015q1/bin/../lib/gcc/arm-none-eabi/4.9.3/../../../../arm-none-eabi/lib/armv6-m\libg.a(lib_a-__atexit.o)
                0x08007b38                __register_exitproc
 *(.init)
 .init          0x08007c0c        0x4 c:/program files (x86)/gnu tools arm embedded/4.9 2015q1/bin/../lib/gcc/arm-none-eabi/4.9.3/armv6-m/crti.o
                0x08007c0c                _init
 .init          0x08007c10        0x8 c:/program files (x86)/gnu tools arm embedded/4.9 2015q1/bin/../lib/gcc/arm-none-eabi/4.9.3/armv6-m/crtn.o
 *(.fini)
 .fini          0x08007c18        0x4 c:/program files (x86)/gnu tools arm embedded/4.9 2015q1/bin/../lib/gcc/arm-none-eabi/4.9.3/armv6-m/crti.o
                0x08007c18                _fini
 .fini          0x08007c1c        0x8 c:/program files (x86)/gnu tools arm embedded/4.9 2015q1/bin/../lib/gcc/arm-none-eabi/4.9.3/armv6-m/crtn.o
 *crtbegin.o(.ctors)
 *crtbegin?.o(.ctors)
 *(EXCLUDE_FILE(*crtend.o *crtend?.o) .ctors)
 *(SORT(.ctors.*))
 *(.ctors)
 *crtbegin.o(.dtors)
 *crtbegin?.o(.dtors)
 *(EXCLUDE_FILE(*crtend.o *crtend?.o) .dtors)
 *(SORT(.dtors.*))
 *(.dtors)
 *(.rodata*)
 .rodata        0x08007c24       0x2c ..\obj\stateMachine.o
 .rodata        0x08007c50       0x24 ..\obj\leds.o
 .rodata        0x08007c74       0x1c ..\obj\stm32l0xx_hal_rcc.o
                0x08007c74                MSIRangeTable
 .rodata        0x08007c90       0x40 c:/program files (x86)/gnu tools arm embedded/4.9 2015q1/bin/../lib/gcc/arm-none-eabi/4.9.3/armv6-m\libgcc.a(muldf3.o)
 .rodata.str1.4
                0x08007cd0        0x4 c:/program files (x86)/gnu tools arm embedded/4.9 2015q1/bin/../lib/gcc/arm-none-eabi/4.9.3/../../../../arm-none-eabi/lib/armv6-m\libg.a(lib_a-impure.o)
 .rodata._global_impure_ptr
                0x08007cd4        0x4 c:/program files (x86)/gnu tools arm embedded/4.9 2015q1/bin/../lib/gcc/arm-none-eabi/4.9.3/../../../../arm-none-eabi/lib/armv6-m\libg.a(lib_a-impure.o)
                0x08007cd4                _global_impure_ptr
 *(.eh_fram e*)

.eh_frame       0x08007cd8        0x0
 .eh_frame      0x08007cd8        0x0 c:/program files (x86)/gnu tools arm embedded/4.9 2015q1/bin/../lib/gcc/arm-none-eabi/4.9.3/armv6-m/crtbegin.o

.glue_7         0x08007cd8        0x0
 .glue_7        0x00000000        0x0 linker stubs

.glue_7t        0x08007cd8        0x0
 .glue_7t       0x00000000        0x0 linker stubs

.vfp11_veneer   0x08007cd8        0x0
 .vfp11_veneer  0x00000000        0x0 linker stubs

.v4_bx          0x08007cd8        0x0
 .v4_bx         0x00000000        0x0 linker stubs

.iplt           0x08007cd8        0x0
 .iplt          0x00000000        0x0 c:/program files (x86)/gnu tools arm embedded/4.9 2015q1/bin/../lib/gcc/arm-none-eabi/4.9.3/armv6-m/crtbegin.o

.rel.dyn        0x08007cd8        0x0
 .rel.iplt      0x00000000        0x0 c:/program files (x86)/gnu tools arm embedded/4.9 2015q1/bin/../lib/gcc/arm-none-eabi/4.9.3/armv6-m/crtbegin.o

.ARM.extab
 *(.ARM.extab* .gnu.linkonce.armextab.*)
                0x08007cd8                __exidx_start = .

.ARM.exidx
 *(.ARM.exidx* .gnu.linkonce.armexidx.*)
                0x08007cd8                __exidx_end = .
                0x08007cd8                __etext = .
                0x08007cd8                _sidata = __etext

.data           0x20000000      0x478 load address 0x08007cd8
                0x20000000                __data_start__ = .
                0x20000000                _sdata = __data_start__
 *(vtable)
 *(.data*)
 .data          0x20000000       0x20 ..\obj\system_stm32l0xx.o
                0x20000000                SystemCoreClock
                0x20000004                PLLMulTable
                0x20000010                AHBPrescTable
 .data          0x20000020        0x1 ..\obj\stateMachine.o
                0x20000020                LastTempState
 *fill*         0x20000021        0x3 
 .data          0x20000024       0x1c ..\obj\stm32l0xx_hal_rcc.o
 .data.impure_data
                0x20000040      0x428 c:/program files (x86)/gnu tools arm embedded/4.9 2015q1/bin/../lib/gcc/arm-none-eabi/4.9.3/../../../../arm-none-eabi/lib/armv6-m\libg.a(lib_a-impure.o)
                0x20000468                . = ALIGN (0x4)
                0x20000468                PROVIDE (__preinit_array_start, .)
 *(.preinit_array)
                0x20000468                PROVIDE (__preinit_array_end, .)
                0x20000468                . = ALIGN (0x4)
                0x20000468                PROVIDE (__init_array_start, .)
 *(SORT(.init_array.*))
 .init_array.00000
                0x20000468        0x4 c:/program files (x86)/gnu tools arm embedded/4.9 2015q1/bin/../lib/gcc/arm-none-eabi/4.9.3/../../../../arm-none-eabi/lib/armv6-m\libg.a(lib_a-__call_atexit.o)
 *(.init_array)
 .init_array    0x2000046c        0x4 c:/program files (x86)/gnu tools arm embedded/4.9 2015q1/bin/../lib/gcc/arm-none-eabi/4.9.3/armv6-m/crtbegin.o
                0x20000470                PROVIDE (__init_array_end, .)
                0x20000470                . = ALIGN (0x4)
                0x20000470                PROVIDE (__fini_array_start, .)
 *(SORT(.fini_array.*))
 *(.fini_array)
 .fini_array    0x20000470        0x4 c:/program files (x86)/gnu tools arm embedded/4.9 2015q1/bin/../lib/gcc/arm-none-eabi/4.9.3/armv6-m/crtbegin.o
                0x20000474                PROVIDE (__fini_array_end, .)
 *(.jcr*)
 .jcr           0x20000474        0x0 c:/program files (x86)/gnu tools arm embedded/4.9 2015q1/bin/../lib/gcc/arm-none-eabi/4.9.3/armv6-m/crtbegin.o
 .jcr           0x20000474        0x4 c:/program files (x86)/gnu tools arm embedded/4.9 2015q1/bin/../lib/gcc/arm-none-eabi/4.9.3/armv6-m/crtend.o
                0x20000478                . = ALIGN (0x4)
                0x20000478                __data_end__ = .
                0x20000478                _edata = __data_end__

.igot.plt       0x20000478        0x0 load address 0x08008150
 .igot.plt      0x00000000        0x0 c:/program files (x86)/gnu tools arm embedded/4.9 2015q1/bin/../lib/gcc/arm-none-eabi/4.9.3/armv6-m/crtbegin.o

.bss            0x20000478      0x190 load address 0x08008150
                0x20000478                . = ALIGN (0x4)
                0x20000478                __bss_start__ = .
                0x20000478                _sbss = __bss_start__
 *(.bss*)
 .bss           0x20000478       0x1c c:/program files (x86)/gnu tools arm embedded/4.9 2015q1/bin/../lib/gcc/arm-none-eabi/4.9.3/armv6-m/crtbegin.o
 .bss           0x20000494       0x10 ..\obj\imu.o
                0x20000494                motionNew
                0x2000049c                motionOld
 .bss           0x200004a4       0x1c ..\obj\pid.o
 .bss           0x200004c0        0x4 ..\obj\stm32l0xx_hal.o
 .bss           0x200004c4       0x18 ..\obj\stateMachine.o
                0x200004c4                CurrentState
                0x200004c8                autoPowerOffTimerTick
                0x200004cc                tipTempRawValue
                0x200004d0                readyToRunADC
                0x200004d1                blockPWM
                0x200004d4                pwmDriveValue
                0x200004d8                ledBlinkCounter
 *(COMMON)
 COMMON         0x200004dc       0x5d ..\obj\imu.o
                0x200004dc                spiData
                0x200004e2                IMUExists
                0x200004e4                hspi1
                0x20000538                status
 *fill*         0x20000539        0x3 
 COMMON         0x2000053c       0xcc ..\obj\main.o
                0x2000053c                htim6
                0x20000574                htim2
                0x200005ac                hadc
                0x20000608                . = ALIGN (0x4)
                0x20000608                __bss_end__ = .
                0x20000608                _ebss = __bss_end__

.heap           0x20000608        0x0
                0x20000608                __end__ = .
                0x20000608                _end = __end__
                0x20000608                end = __end__
 *(.heap*)
                0x20000608                __HeapLimit = .

.co_stack       0x20000608        0x0
                0x20000608                . = ALIGN (0x8)
 *(.co_stack .co_stack.*)
                0x20002000                __StackTop = (ORIGIN (ram) + 0x2000)
                0x20002000                __StackLimit = (__StackTop - SIZEOF (.co_stack))
                0x20002000                PROVIDE (__stack, __StackTop)
                0x00000001                ASSERT ((__StackLimit >= __HeapLimit), region ram  overflowed with stack)
LOAD ..\obj\stm32l0xx_hal_tsc.o
LOAD ..\obj\stm32l0xx_hal_i2s.o
LOAD ..\obj\stm32l0xx_hal_pwr.o
LOAD ..\obj\stm32l0xx_hal_gpio.o
LOAD ..\obj\stm32l0xx_hal_wwdg.o
LOAD ..\obj\stm32l0xx_hal_tim.o
LOAD ..\obj\stm32l0xx_hal_smbus.o
LOAD ..\obj\stm32l0xx_hal_flash_ex.o
LOAD ..\obj\stm32l0xx_hal_smartcard_ex.o
LOAD ..\obj\stm32l0xx_hal_rng.o
LOAD ..\obj\imu.o
LOAD ..\obj\pid.o
LOAD ..\obj\stm32l0xx_hal_crc.o
LOAD ..\obj\stm32l0xx_hal_rtc.o
LOAD ..\obj\stm32l0xx_hal_msp.o
LOAD ..\obj\stm32l0xx_hal.o
LOAD ..\obj\stm32l0xx_hal_i2c_ex.o
LOAD ..\obj\main.o
LOAD ..\obj\stm32l0xx_it.o
LOAD ..\obj\system_stm32l0xx.o
LOAD ..\obj\stm32l0xx_hal_irda.o
LOAD ..\obj\stm32l0xx_hal_flash.o
LOAD ..\obj\startup_stm32l051xx.o
LOAD ..\obj\stm32l0xx_hal_i2c.o
LOAD ..\obj\stm32l0xx_hal_dma.o
LOAD ..\obj\stm32l0xx_hal_pcd.o
LOAD ..\obj\stateMachine.o
LOAD ..\obj\stm32l0xx_hal_cryp_ex.o
LOAD ..\obj\leds.o
LOAD ..\obj\stm32l0xx_hal_iwdg.o
LOAD ..\obj\stm32l0xx_hal_smartcard.o
LOAD ..\obj\stm32l0xx_hal_flash_ramfunc.o
LOAD ..\obj\stm32l0xx_hal_comp.o
LOAD ..\obj\stm32l0xx_hal_rtc_ex.o
LOAD ..\obj\stm32l0xx_hal_uart_ex.o
LOAD ..\obj\stm32l0xx_hal_rcc.o
LOAD ..\obj\stm32l0xx_hal_pcd_ex.o
LOAD ..\obj\stm32l0xx_hal_dac_ex.o
LOAD ..\obj\stm32l0xx_hal_rcc_ex.o
LOAD ..\obj\stm32l0xx_hal_lcd.o
LOAD ..\obj\stm32l0xx_hal_usart.o
LOAD ..\obj\stm32l0xx_hal_adc_ex.o
LOAD ..\obj\stm32l0xx_hal_lptim.o
LOAD ..\obj\stm32l0xx_hal_spi.o
LOAD ..\obj\stm32l0xx_hal_uart.o
LOAD ..\obj\stm32l0xx_hal_cryp.o
LOAD ..\obj\stm32l0xx_hal_adc.o
LOAD ..\obj\stm32l0xx_hal_msp_template.o
LOAD ..\obj\stm32l0xx_hal_pwr_ex.o
LOAD ..\obj\stm32l0xx_hal_tim_ex.o
LOAD ..\obj\stm32l0xx_hal_dac.o
LOAD ..\obj\stm32l0xx_hal_cortex.o
LOAD ..\obj\stm32l0xx_hal_crc_ex.o
START GROUP
LOAD c:/program files (x86)/gnu tools arm embedded/4.9 2015q1/bin/../lib/gcc/arm-none-eabi/4.9.3/armv6-m\libgcc.a
LOAD c:/program files (x86)/gnu tools arm embedded/4.9 2015q1/bin/../lib/gcc/arm-none-eabi/4.9.3/../../../../arm-none-eabi/lib/armv6-m\libg.a
LOAD c:/program files (x86)/gnu tools arm embedded/4.9 2015q1/bin/../lib/gcc/arm-none-eabi/4.9.3/../../../../arm-none-eabi/lib/armv6-m\libc.a
END GROUP
LOAD c:/program files (x86)/gnu tools arm embedded/4.9 2015q1/bin/../lib/gcc/arm-none-eabi/4.9.3/armv6-m/crtend.o
LOAD c:/program files (x86)/gnu tools arm embedded/4.9 2015q1/bin/../lib/gcc/arm-none-eabi/4.9.3/armv6-m/crtn.o
OUTPUT(HotBit.elf elf32-littlearm)

.ARM.attributes
                0x00000000       0x28
 .ARM.attributes
                0x00000000       0x1e c:/program files (x86)/gnu tools arm embedded/4.9 2015q1/bin/../lib/gcc/arm-none-eabi/4.9.3/armv6-m/crti.o
 .ARM.attributes
                0x0000001e       0x2c c:/program files (x86)/gnu tools arm embedded/4.9 2015q1/bin/../lib/gcc/arm-none-eabi/4.9.3/armv6-m/crtbegin.o
 .ARM.attributes
                0x0000004a       0x32 ..\obj\stm32l0xx_hal_gpio.o
 .ARM.attributes
                0x0000007c       0x32 ..\obj\stm32l0xx_hal_tim.o
 .ARM.attributes
                0x000000ae       0x32 ..\obj\imu.o
 .ARM.attributes
                0x000000e0       0x32 ..\obj\pid.o
 .ARM.attributes
                0x00000112       0x32 ..\obj\stm32l0xx_hal_msp.o
 .ARM.attributes
                0x00000144       0x32 ..\obj\stm32l0xx_hal.o
 .ARM.attributes
                0x00000176       0x32 ..\obj\main.o
 .ARM.attributes
                0x000001a8       0x32 ..\obj\stm32l0xx_it.o
 .ARM.attributes
                0x000001da       0x32 ..\obj\system_stm32l0xx.o
 .ARM.attributes
                0x0000020c       0x22 ..\obj\startup_stm32l051xx.o
 .ARM.attributes
                0x0000022e       0x32 ..\obj\stm32l0xx_hal_dma.o
 .ARM.attributes
                0x00000260       0x32 ..\obj\stateMachine.o
 .ARM.attributes
                0x00000292       0x32 ..\obj\leds.o
 .ARM.attributes
                0x000002c4       0x32 ..\obj\stm32l0xx_hal_rcc.o
 .ARM.attributes
                0x000002f6       0x32 ..\obj\stm32l0xx_hal_adc_ex.o
 .ARM.attributes
                0x00000328       0x32 ..\obj\stm32l0xx_hal_spi.o
 .ARM.attributes
                0x0000035a       0x32 ..\obj\stm32l0xx_hal_adc.o
 .ARM.attributes
                0x0000038c       0x32 ..\obj\stm32l0xx_hal_msp_template.o
 .ARM.attributes
                0x000003be       0x32 ..\obj\stm32l0xx_hal_tim_ex.o
 .ARM.attributes
                0x000003f0       0x32 ..\obj\stm32l0xx_hal_cortex.o
 .ARM.attributes
                0x00000422       0x1e c:/program files (x86)/gnu tools arm embedded/4.9 2015q1/bin/../lib/gcc/arm-none-eabi/4.9.3/armv6-m\libgcc.a(_udivsi3.o)
 .ARM.attributes
                0x00000440       0x1e c:/program files (x86)/gnu tools arm embedded/4.9 2015q1/bin/../lib/gcc/arm-none-eabi/4.9.3/armv6-m\libgcc.a(_dvmd_tls.o)
 .ARM.attributes
                0x0000045e       0x1e c:/program files (x86)/gnu tools arm embedded/4.9 2015q1/bin/../lib/gcc/arm-none-eabi/4.9.3/armv6-m\libgcc.a(_arm_cmpsf2.o)
 .ARM.attributes
                0x0000047c       0x2c c:/program files (x86)/gnu tools arm embedded/4.9 2015q1/bin/../lib/gcc/arm-none-eabi/4.9.3/armv6-m\libgcc.a(_fixunssfsi.o)
 .ARM.attributes
                0x000004a8       0x2c c:/program files (x86)/gnu tools arm embedded/4.9 2015q1/bin/../lib/gcc/arm-none-eabi/4.9.3/armv6-m\libgcc.a(addsf3.o)
 .ARM.attributes
                0x000004d4       0x2c c:/program files (x86)/gnu tools arm embedded/4.9 2015q1/bin/../lib/gcc/arm-none-eabi/4.9.3/armv6-m\libgcc.a(eqsf2.o)
 .ARM.attributes
                0x00000500       0x2c c:/program files (x86)/gnu tools arm embedded/4.9 2015q1/bin/../lib/gcc/arm-none-eabi/4.9.3/armv6-m\libgcc.a(gesf2.o)
 .ARM.attributes
                0x0000052c       0x2c c:/program files (x86)/gnu tools arm embedded/4.9 2015q1/bin/../lib/gcc/arm-none-eabi/4.9.3/armv6-m\libgcc.a(lesf2.o)
 .ARM.attributes
                0x00000558       0x2c c:/program files (x86)/gnu tools arm embedded/4.9 2015q1/bin/../lib/gcc/arm-none-eabi/4.9.3/armv6-m\libgcc.a(subsf3.o)
 .ARM.attributes
                0x00000584       0x2c c:/program files (x86)/gnu tools arm embedded/4.9 2015q1/bin/../lib/gcc/arm-none-eabi/4.9.3/armv6-m\libgcc.a(fixsfsi.o)
 .ARM.attributes
                0x000005b0       0x2c c:/program files (x86)/gnu tools arm embedded/4.9 2015q1/bin/../lib/gcc/arm-none-eabi/4.9.3/armv6-m\libgcc.a(floatunsisf.o)
 .ARM.attributes
                0x000005dc       0x2c c:/program files (x86)/gnu tools arm embedded/4.9 2015q1/bin/../lib/gcc/arm-none-eabi/4.9.3/armv6-m\libgcc.a(muldf3.o)
 .ARM.attributes
                0x00000608       0x2c c:/program files (x86)/gnu tools arm embedded/4.9 2015q1/bin/../lib/gcc/arm-none-eabi/4.9.3/armv6-m\libgcc.a(extendsfdf2.o)
 .ARM.attributes
                0x00000634       0x2c c:/program files (x86)/gnu tools arm embedded/4.9 2015q1/bin/../lib/gcc/arm-none-eabi/4.9.3/armv6-m\libgcc.a(truncdfsf2.o)
 .ARM.attributes
                0x00000660       0x1e c:/program files (x86)/gnu tools arm embedded/4.9 2015q1/bin/../lib/gcc/arm-none-eabi/4.9.3/armv6-m\libgcc.a(_clzsi2.o)
 .ARM.attributes
                0x0000067e       0x2c c:/program files (x86)/gnu tools arm embedded/4.9 2015q1/bin/../lib/gcc/arm-none-eabi/4.9.3/../../../../arm-none-eabi/lib/armv6-m\libg.a(lib_a-impure.o)
 .ARM.attributes
                0x000006aa       0x2c c:/program files (x86)/gnu tools arm embedded/4.9 2015q1/bin/../lib/gcc/arm-none-eabi/4.9.3/../../../../arm-none-eabi/lib/armv6-m\libg.a(lib_a-init.o)
 .ARM.attributes
                0x000006d6       0x2c c:/program files (x86)/gnu tools arm embedded/4.9 2015q1/bin/../lib/gcc/arm-none-eabi/4.9.3/../../../../arm-none-eabi/lib/armv6-m\libg.a(lib_a-__call_atexit.o)
 .ARM.attributes
                0x00000702       0x2c c:/program files (x86)/gnu tools arm embedded/4.9 2015q1/bin/../lib/gcc/arm-none-eabi/4.9.3/../../../../arm-none-eabi/lib/armv6-m\libg.a(lib_a-atexit.o)
 .ARM.attributes
                0x0000072e       0x2c c:/program files (x86)/gnu tools arm embedded/4.9 2015q1/bin/../lib/gcc/arm-none-eabi/4.9.3/../../../../arm-none-eabi/lib/armv6-m\libg.a(lib_a-fini.o)
 .ARM.attributes
                0x0000075a       0x2c c:/program files (x86)/gnu tools arm embedded/4.9 2015q1/bin/../lib/gcc/arm-none-eabi/4.9.3/../../../../arm-none-eabi/lib/armv6-m\libg.a(lib_a-__atexit.o)
 .ARM.attributes
                0x00000786       0x2c c:/program files (x86)/gnu tools arm embedded/4.9 2015q1/bin/../lib/gcc/arm-none-eabi/4.9.3/armv6-m/crtend.o
 .ARM.attributes
                0x000007b2       0x1e c:/program files (x86)/gnu tools arm embedded/4.9 2015q1/bin/../lib/gcc/arm-none-eabi/4.9.3/armv6-m/crtn.o

.comment        0x00000000       0x70
 .comment       0x00000000       0x70 ..\obj\stm32l0xx_hal_gpio.o
                                 0x71 (size before relaxing)
 .comment       0x00000000       0x71 ..\obj\stm32l0xx_hal_tim.o
 .comment       0x00000000       0x71 ..\obj\imu.o
 .comment       0x00000000       0x71 ..\obj\pid.o
 .comment       0x00000000       0x71 ..\obj\stm32l0xx_hal_msp.o
 .comment       0x00000000       0x71 ..\obj\stm32l0xx_hal.o
 .comment       0x00000000       0x71 ..\obj\main.o
 .comment       0x00000000       0x71 ..\obj\stm32l0xx_it.o
 .comment       0x00000000       0x71 ..\obj\system_stm32l0xx.o
 .comment       0x00000000       0x71 ..\obj\stm32l0xx_hal_dma.o
 .comment       0x00000000       0x71 ..\obj\stateMachine.o
 .comment       0x00000000       0x71 ..\obj\leds.o
 .comment       0x00000000       0x71 ..\obj\stm32l0xx_hal_rcc.o
 .comment       0x00000000       0x71 ..\obj\stm32l0xx_hal_adc_ex.o
 .comment       0x00000000       0x71 ..\obj\stm32l0xx_hal_spi.o
 .comment       0x00000000       0x71 ..\obj\stm32l0xx_hal_adc.o
 .comment       0x00000000       0x71 ..\obj\stm32l0xx_hal_msp_template.o
 .comment       0x00000000       0x71 ..\obj\stm32l0xx_hal_tim_ex.o
 .comment       0x00000000       0x71 ..\obj\stm32l0xx_hal_cortex.o

.debug_info     0x00000000     0xdb25
 .debug_info    0x00000000      0x630 ..\obj\stm32l0xx_hal_gpio.o
 .debug_info    0x00000630     0x2fff ..\obj\stm32l0xx_hal_tim.o
 .debug_info    0x0000362f      0x981 ..\obj\imu.o
 .debug_info    0x00003fb0      0x15c ..\obj\pid.o
 .debug_info    0x0000410c      0xfc5 ..\obj\stm32l0xx_hal_msp.o
 .debug_info    0x000050d1      0x82d ..\obj\stm32l0xx_hal.o
 .debug_info    0x000058fe     0x1657 ..\obj\main.o
 .debug_info    0x00006f55      0xc8e ..\obj\stm32l0xx_it.o
 .debug_info    0x00007be3      0x344 ..\obj\system_stm32l0xx.o
 .debug_info    0x00007f27       0xd3 ..\obj\startup_stm32l051xx.o
 .debug_info    0x00007ffa      0x627 ..\obj\stm32l0xx_hal_dma.o
 .debug_info    0x00008621      0xebe ..\obj\stateMachine.o
 .debug_info    0x000094df      0x53f ..\obj\leds.o
 .debug_info    0x00009a1e      0xa5d ..\obj\stm32l0xx_hal_rcc.o
 .debug_info    0x0000a47b      0x63d ..\obj\stm32l0xx_hal_adc_ex.o
 .debug_info    0x0000aab8     0x1563 ..\obj\stm32l0xx_hal_spi.o
 .debug_info    0x0000c01b      0xe44 ..\obj\stm32l0xx_hal_adc.o
 .debug_info    0x0000ce5f       0xb3 ..\obj\stm32l0xx_hal_msp_template.o
 .debug_info    0x0000cf12      0x562 ..\obj\stm32l0xx_hal_tim_ex.o
 .debug_info    0x0000d474      0x6b1 ..\obj\stm32l0xx_hal_cortex.o

.debug_abbrev   0x00000000     0x1fad
 .debug_abbrev  0x00000000      0x1b5 ..\obj\stm32l0xx_hal_gpio.o
 .debug_abbrev  0x000001b5      0x26b ..\obj\stm32l0xx_hal_tim.o
 .debug_abbrev  0x00000420      0x1c9 ..\obj\imu.o
 .debug_abbrev  0x000005e9       0x8f ..\obj\pid.o
 .debug_abbrev  0x00000678      0x189 ..\obj\stm32l0xx_hal_msp.o
 .debug_abbrev  0x00000801      0x224 ..\obj\stm32l0xx_hal.o
 .debug_abbrev  0x00000a25      0x23f ..\obj\main.o
 .debug_abbrev  0x00000c64      0x187 ..\obj\stm32l0xx_it.o
 .debug_abbrev  0x00000deb       0xee ..\obj\system_stm32l0xx.o
 .debug_abbrev  0x00000ed9       0x12 ..\obj\startup_stm32l051xx.o
 .debug_abbrev  0x00000eeb      0x1b7 ..\obj\stm32l0xx_hal_dma.o
 .debug_abbrev  0x000010a2      0x1f4 ..\obj\stateMachine.o
 .debug_abbrev  0x00001296      0x151 ..\obj\leds.o
 .debug_abbrev  0x000013e7      0x26d ..\obj\stm32l0xx_hal_rcc.o
 .debug_abbrev  0x00001654      0x12e ..\obj\stm32l0xx_hal_adc_ex.o
 .debug_abbrev  0x00001782      0x276 ..\obj\stm32l0xx_hal_spi.o
 .debug_abbrev  0x000019f8      0x213 ..\obj\stm32l0xx_hal_adc.o
 .debug_abbrev  0x00001c0b       0x40 ..\obj\stm32l0xx_hal_msp_template.o
 .debug_abbrev  0x00001c4b      0x14a ..\obj\stm32l0xx_hal_tim_ex.o
 .debug_abbrev  0x00001d95      0x218 ..\obj\stm32l0xx_hal_cortex.o

.debug_loc      0x00000000     0x663e
 .debug_loc     0x00000000      0x3fb ..\obj\stm32l0xx_hal_gpio.o
 .debug_loc     0x000003fb     0x3741 ..\obj\stm32l0xx_hal_tim.o
 .debug_loc     0x00003b3c      0x10b ..\obj\imu.o
 .debug_loc     0x00003c47       0x42 ..\obj\pid.o
 .debug_loc     0x00003c89       0xf8 ..\obj\stm32l0xx_hal_msp.o
 .debug_loc     0x00003d81       0xff ..\obj\stm32l0xx_hal.o
 .debug_loc     0x00003e80      0x150 ..\obj\system_stm32l0xx.o
 .debug_loc     0x00003fd0      0x583 ..\obj\stm32l0xx_hal_dma.o
 .debug_loc     0x00004553       0x99 ..\obj\stateMachine.o
 .debug_loc     0x000045ec       0x21 ..\obj\leds.o
 .debug_loc     0x0000460d      0x64e ..\obj\stm32l0xx_hal_rcc.o
 .debug_loc     0x00004c5b      0x1b3 ..\obj\stm32l0xx_hal_adc_ex.o
 .debug_loc     0x00004e0e      0xdc6 ..\obj\stm32l0xx_hal_spi.o
 .debug_loc     0x00005bd4      0x7c6 ..\obj\stm32l0xx_hal_adc.o
 .debug_loc     0x0000639a       0x63 ..\obj\stm32l0xx_hal_tim_ex.o
 .debug_loc     0x000063fd      0x241 ..\obj\stm32l0xx_hal_cortex.o

.debug_aranges  0x00000000      0x288
 .debug_aranges
                0x00000000       0x20 ..\obj\stm32l0xx_hal_gpio.o
 .debug_aranges
                0x00000020       0x20 ..\obj\stm32l0xx_hal_tim.o
 .debug_aranges
                0x00000040       0x20 ..\obj\imu.o
 .debug_aranges
                0x00000060       0x20 ..\obj\pid.o
 .debug_aranges
                0x00000080       0x20 ..\obj\stm32l0xx_hal_msp.o
 .debug_aranges
                0x000000a0       0x20 ..\obj\stm32l0xx_hal.o
 .debug_aranges
                0x000000c0       0x20 ..\obj\main.o
 .debug_aranges
                0x000000e0       0x20 ..\obj\stm32l0xx_it.o
 .debug_aranges
                0x00000100       0x20 ..\obj\system_stm32l0xx.o
 .debug_aranges
                0x00000120       0x28 ..\obj\startup_stm32l051xx.o
 .debug_aranges
                0x00000148       0x20 ..\obj\stm32l0xx_hal_dma.o
 .debug_aranges
                0x00000168       0x20 ..\obj\stateMachine.o
 .debug_aranges
                0x00000188       0x20 ..\obj\leds.o
 .debug_aranges
                0x000001a8       0x20 ..\obj\stm32l0xx_hal_rcc.o
 .debug_aranges
                0x000001c8       0x20 ..\obj\stm32l0xx_hal_adc_ex.o
 .debug_aranges
                0x000001e8       0x20 ..\obj\stm32l0xx_hal_spi.o
 .debug_aranges
                0x00000208       0x20 ..\obj\stm32l0xx_hal_adc.o
 .debug_aranges
                0x00000228       0x20 ..\obj\stm32l0xx_hal_msp_template.o
 .debug_aranges
                0x00000248       0x20 ..\obj\stm32l0xx_hal_tim_ex.o
 .debug_aranges
                0x00000268       0x20 ..\obj\stm32l0xx_hal_cortex.o

.debug_line     0x00000000     0x429b
 .debug_line    0x00000000      0x27f ..\obj\stm32l0xx_hal_gpio.o
 .debug_line    0x0000027f      0x9c9 ..\obj\stm32l0xx_hal_tim.o
 .debug_line    0x00000c48      0x245 ..\obj\imu.o
 .debug_line    0x00000e8d      0x14e ..\obj\pid.o
 .debug_line    0x00000fdb      0x282 ..\obj\stm32l0xx_hal_msp.o
 .debug_line    0x0000125d      0x2ce ..\obj\stm32l0xx_hal.o
 .debug_line    0x0000152b      0x365 ..\obj\main.o
 .debug_line    0x00001890      0x270 ..\obj\stm32l0xx_it.o
 .debug_line    0x00001b00      0x202 ..\obj\system_stm32l0xx.o
 .debug_line    0x00001d02       0xd6 ..\obj\startup_stm32l051xx.o
 .debug_line    0x00001dd8      0x622 ..\obj\stm32l0xx_hal_dma.o
 .debug_line    0x000023fa      0x358 ..\obj\stateMachine.o
 .debug_line    0x00002752      0x1df ..\obj\leds.o
 .debug_line    0x00002931      0x43a ..\obj\stm32l0xx_hal_rcc.o
 .debug_line    0x00002d6b      0x253 ..\obj\stm32l0xx_hal_adc_ex.o
 .debug_line    0x00002fbe      0x860 ..\obj\stm32l0xx_hal_spi.o
 .debug_line    0x0000381e      0x50c ..\obj\stm32l0xx_hal_adc.o
 .debug_line    0x00003d2a       0xb2 ..\obj\stm32l0xx_hal_msp_template.o
 .debug_line    0x00003ddc      0x22c ..\obj\stm32l0xx_hal_tim_ex.o
 .debug_line    0x00004008      0x293 ..\obj\stm32l0xx_hal_cortex.o

.debug_str      0x00000000     0x3355
 .debug_str     0x00000000      0x3ad ..\obj\stm32l0xx_hal_gpio.o
                                0x424 (size before relaxing)
 .debug_str     0x000003ad     0x103e ..\obj\stm32l0xx_hal_tim.o
                               0x122a (size before relaxing)
 .debug_str     0x000013eb      0x33c ..\obj\imu.o
                                0x70b (size before relaxing)
 .debug_str     0x00001727       0x67 ..\obj\pid.o
                                0x19c (size before relaxing)
 .debug_str     0x0000178e      0x4cd ..\obj\stm32l0xx_hal_msp.o
                                0xd4a (size before relaxing)
 .debug_str     0x00001c5b      0x3a0 ..\obj\stm32l0xx_hal.o
                                0x744 (size before relaxing)
 .debug_str     0x00001ffb      0x304 ..\obj\main.o
                               0x1111 (size before relaxing)
 .debug_str     0x000022ff       0xff ..\obj\stm32l0xx_it.o
                                0xc72 (size before relaxing)
 .debug_str     0x000023fe       0xf4 ..\obj\system_stm32l0xx.o
                                0x2c4 (size before relaxing)
 .debug_str     0x000024f2      0x18b ..\obj\stm32l0xx_hal_dma.o
                                0x4dd (size before relaxing)
 .debug_str     0x0000267d      0x1b7 ..\obj\stateMachine.o
                                0xa70 (size before relaxing)
 .debug_str     0x00002834       0x35 ..\obj\leds.o
                                0x22e (size before relaxing)
 .debug_str     0x00002869      0x196 ..\obj\stm32l0xx_hal_rcc.o
                                0x66f (size before relaxing)
 .debug_str     0x000029ff       0xdd ..\obj\stm32l0xx_hal_adc_ex.o
                                0x6c7 (size before relaxing)
 .debug_str     0x00002adc      0x365 ..\obj\stm32l0xx_hal_spi.o
                                0x9c5 (size before relaxing)
 .debug_str     0x00002e41      0x282 ..\obj\stm32l0xx_hal_adc.o
                                0x995 (size before relaxing)
 .debug_str     0x000030c3       0x9d ..\obj\stm32l0xx_hal_msp_template.o
                                0x1b1 (size before relaxing)
 .debug_str     0x00003160       0x91 ..\obj\stm32l0xx_hal_tim_ex.o
                                0x5d0 (size before relaxing)
 .debug_str     0x000031f1      0x164 ..\obj\stm32l0xx_hal_cortex.o
                                0x560 (size before relaxing)

.debug_frame    0x00000000     0x1c00
 .debug_frame   0x00000000       0xd0 ..\obj\stm32l0xx_hal_gpio.o
 .debug_frame   0x000000d0      0x868 ..\obj\stm32l0xx_hal_tim.o
 .debug_frame   0x00000938       0x94 ..\obj\imu.o
 .debug_frame   0x000009cc       0x30 ..\obj\pid.o
 .debug_frame   0x000009fc       0xa0 ..\obj\stm32l0xx_hal_msp.o
 .debug_frame   0x00000a9c      0x204 ..\obj\stm32l0xx_hal.o
 .debug_frame   0x00000ca0       0x58 ..\obj\main.o
 .debug_frame   0x00000cf8       0xa0 ..\obj\stm32l0xx_it.o
 .debug_frame   0x00000d98       0x38 ..\obj\system_stm32l0xx.o
 .debug_frame   0x00000dd0      0x100 ..\obj\stm32l0xx_hal_dma.o
 .debug_frame   0x00000ed0       0x88 ..\obj\stateMachine.o
 .debug_frame   0x00000f58       0x44 ..\obj\leds.o
 .debug_frame   0x00000f9c      0x148 ..\obj\stm32l0xx_hal_rcc.o
 .debug_frame   0x000010e4       0x58 ..\obj\stm32l0xx_hal_adc_ex.o
 .debug_frame   0x0000113c      0x398 ..\obj\stm32l0xx_hal_spi.o
 .debug_frame   0x000014d4      0x298 ..\obj\stm32l0xx_hal_adc.o
 .debug_frame   0x0000176c       0x50 ..\obj\stm32l0xx_hal_msp_template.o
 .debug_frame   0x000017bc       0x50 ..\obj\stm32l0xx_hal_tim_ex.o
 .debug_frame   0x0000180c       0xd4 ..\obj\stm32l0xx_hal_cortex.o
 .debug_frame   0x000018e0       0x20 c:/program files (x86)/gnu tools arm embedded/4.9 2015q1/bin/../lib/gcc/arm-none-eabi/4.9.3/armv6-m\libgcc.a(_udivsi3.o)
 .debug_frame   0x00001900       0x28 c:/program files (x86)/gnu tools arm embedded/4.9 2015q1/bin/../lib/gcc/arm-none-eabi/4.9.3/armv6-m\libgcc.a(_fixunssfsi.o)
 .debug_frame   0x00001928       0x30 c:/program files (x86)/gnu tools arm embedded/4.9 2015q1/bin/../lib/gcc/arm-none-eabi/4.9.3/armv6-m\libgcc.a(addsf3.o)
 .debug_frame   0x00001958       0x2c c:/program files (x86)/gnu tools arm embedded/4.9 2015q1/bin/../lib/gcc/arm-none-eabi/4.9.3/armv6-m\libgcc.a(eqsf2.o)
 .debug_frame   0x00001984       0x30 c:/program files (x86)/gnu tools arm embedded/4.9 2015q1/bin/../lib/gcc/arm-none-eabi/4.9.3/armv6-m\libgcc.a(gesf2.o)
 .debug_frame   0x000019b4       0x30 c:/program files (x86)/gnu tools arm embedded/4.9 2015q1/bin/../lib/gcc/arm-none-eabi/4.9.3/armv6-m\libgcc.a(lesf2.o)
 .debug_frame   0x000019e4       0x30 c:/program files (x86)/gnu tools arm embedded/4.9 2015q1/bin/../lib/gcc/arm-none-eabi/4.9.3/armv6-m\libgcc.a(subsf3.o)
 .debug_frame   0x00001a14       0x20 c:/program files (x86)/gnu tools arm embedded/4.9 2015q1/bin/../lib/gcc/arm-none-eabi/4.9.3/armv6-m\libgcc.a(fixsfsi.o)
 .debug_frame   0x00001a34       0x28 c:/program files (x86)/gnu tools arm embedded/4.9 2015q1/bin/../lib/gcc/arm-none-eabi/4.9.3/armv6-m\libgcc.a(floatunsisf.o)
 .debug_frame   0x00001a5c       0x3c c:/program files (x86)/gnu tools arm embedded/4.9 2015q1/bin/../lib/gcc/arm-none-eabi/4.9.3/armv6-m\libgcc.a(muldf3.o)
 .debug_frame   0x00001a98       0x2c c:/program files (x86)/gnu tools arm embedded/4.9 2015q1/bin/../lib/gcc/arm-none-eabi/4.9.3/armv6-m\libgcc.a(extendsfdf2.o)
 .debug_frame   0x00001ac4       0x2c c:/program files (x86)/gnu tools arm embedded/4.9 2015q1/bin/../lib/gcc/arm-none-eabi/4.9.3/armv6-m\libgcc.a(truncdfsf2.o)
 .debug_frame   0x00001af0       0x2c c:/program files (x86)/gnu tools arm embedded/4.9 2015q1/bin/../lib/gcc/arm-none-eabi/4.9.3/../../../../arm-none-eabi/lib/armv6-m\libg.a(lib_a-init.o)
 .debug_frame   0x00001b1c       0x54 c:/program files (x86)/gnu tools arm embedded/4.9 2015q1/bin/../lib/gcc/arm-none-eabi/4.9.3/../../../../arm-none-eabi/lib/armv6-m\libg.a(lib_a-__call_atexit.o)
 .debug_frame   0x00001b70       0x28 c:/program files (x86)/gnu tools arm embedded/4.9 2015q1/bin/../lib/gcc/arm-none-eabi/4.9.3/../../../../arm-none-eabi/lib/armv6-m\libg.a(lib_a-atexit.o)
 .debug_frame   0x00001b98       0x2c c:/program files (x86)/gnu tools arm embedded/4.9 2015q1/bin/../lib/gcc/arm-none-eabi/4.9.3/../../../../arm-none-eabi/lib/armv6-m\libg.a(lib_a-fini.o)
 .debug_frame   0x00001bc4       0x3c c:/program files (x86)/gnu tools arm embedded/4.9 2015q1/bin/../lib/gcc/arm-none-eabi/4.9.3/../../../../arm-none-eabi/lib/armv6-m\libg.a(lib_a-__atexit.o)

.debug_ranges   0x00000000       0x20
 .debug_ranges  0x00000000       0x20 ..\obj\startup_stm32l051xx.o
